Archive member included to satisfy reference by file (symbol)

c:/intelfpga_lite/20.1/nios2eds/bin/gnu/h-x86_64-mingw32/bin/../lib/gcc/nios2-elf/10.1.1/../../../../../H-x86_64-mingw32/nios2-elf/lib\libc.a(lib_a-clock.o)
                              obj/default/hello_world.o (clock)
c:/intelfpga_lite/20.1/nios2eds/bin/gnu/h-x86_64-mingw32/bin/../lib/gcc/nios2-elf/10.1.1/../../../../../H-x86_64-mingw32/nios2-elf/lib\libc.a(lib_a-impure.o)
                              c:/intelfpga_lite/20.1/nios2eds/bin/gnu/h-x86_64-mingw32/bin/../lib/gcc/nios2-elf/10.1.1/../../../../../H-x86_64-mingw32/nios2-elf/lib\libc.a(lib_a-clock.o) (_impure_ptr)
c:/intelfpga_lite/20.1/nios2eds/bin/gnu/h-x86_64-mingw32/bin/../lib/gcc/nios2-elf/10.1.1/../../../../../H-x86_64-mingw32/nios2-elf/lib\libc.a(lib_a-puts.o)
                              obj/default/hello_world.o (puts)
c:/intelfpga_lite/20.1/nios2eds/bin/gnu/h-x86_64-mingw32/bin/../lib/gcc/nios2-elf/10.1.1/../../../../../H-x86_64-mingw32/nios2-elf/lib\libc.a(lib_a-strlen.o)
                              c:/intelfpga_lite/20.1/nios2eds/bin/gnu/h-x86_64-mingw32/bin/../lib/gcc/nios2-elf/10.1.1/../../../../../H-x86_64-mingw32/nios2-elf/lib\libc.a(lib_a-puts.o) (strlen)
c:/intelfpga_lite/20.1/nios2eds/bin/gnu/h-x86_64-mingw32/bin/../lib/gcc/nios2-elf/10.1.1/../../../../../H-x86_64-mingw32/nios2-elf/lib\libc.a(lib_a-timesr.o)
                              c:/intelfpga_lite/20.1/nios2eds/bin/gnu/h-x86_64-mingw32/bin/../lib/gcc/nios2-elf/10.1.1/../../../../../H-x86_64-mingw32/nios2-elf/lib\libc.a(lib_a-clock.o) (_times_r)
c:/intelfpga_lite/20.1/nios2eds/bin/gnu/h-x86_64-mingw32/bin/../lib/gcc/nios2-elf/10.1.1/../../../../../H-x86_64-mingw32/nios2-elf/lib\libc.a(lib_a-findfp.o)
                              c:/intelfpga_lite/20.1/nios2eds/bin/gnu/h-x86_64-mingw32/bin/../lib/gcc/nios2-elf/10.1.1/../../../../../H-x86_64-mingw32/nios2-elf/lib\libc.a(lib_a-puts.o) (__sinit)
c:/intelfpga_lite/20.1/nios2eds/bin/gnu/h-x86_64-mingw32/bin/../lib/gcc/nios2-elf/10.1.1/../../../../../H-x86_64-mingw32/nios2-elf/lib\libc.a(lib_a-fvwrite.o)
                              c:/intelfpga_lite/20.1/nios2eds/bin/gnu/h-x86_64-mingw32/bin/../lib/gcc/nios2-elf/10.1.1/../../../../../H-x86_64-mingw32/nios2-elf/lib\libc.a(lib_a-puts.o) (__sfvwrite_r)
c:/intelfpga_lite/20.1/nios2eds/bin/gnu/h-x86_64-mingw32/bin/../lib/gcc/nios2-elf/10.1.1/../../../../../H-x86_64-mingw32/nios2-elf/lib\libc.a(lib_a-fwalk.o)
                              c:/intelfpga_lite/20.1/nios2eds/bin/gnu/h-x86_64-mingw32/bin/../lib/gcc/nios2-elf/10.1.1/../../../../../H-x86_64-mingw32/nios2-elf/lib\libc.a(lib_a-findfp.o) (_fwalk)
c:/intelfpga_lite/20.1/nios2eds/bin/gnu/h-x86_64-mingw32/bin/../lib/gcc/nios2-elf/10.1.1/../../../../../H-x86_64-mingw32/nios2-elf/lib\libc.a(lib_a-mallocr.o)
                              c:/intelfpga_lite/20.1/nios2eds/bin/gnu/h-x86_64-mingw32/bin/../lib/gcc/nios2-elf/10.1.1/../../../../../H-x86_64-mingw32/nios2-elf/lib\libc.a(lib_a-findfp.o) (_malloc_r)
c:/intelfpga_lite/20.1/nios2eds/bin/gnu/h-x86_64-mingw32/bin/../lib/gcc/nios2-elf/10.1.1/../../../../../H-x86_64-mingw32/nios2-elf/lib\libc.a(lib_a-memchr.o)
                              c:/intelfpga_lite/20.1/nios2eds/bin/gnu/h-x86_64-mingw32/bin/../lib/gcc/nios2-elf/10.1.1/../../../../../H-x86_64-mingw32/nios2-elf/lib\libc.a(lib_a-fvwrite.o) (memchr)
c:/intelfpga_lite/20.1/nios2eds/bin/gnu/h-x86_64-mingw32/bin/../lib/gcc/nios2-elf/10.1.1/../../../../../H-x86_64-mingw32/nios2-elf/lib\libc.a(lib_a-memcpy.o)
                              c:/intelfpga_lite/20.1/nios2eds/bin/gnu/h-x86_64-mingw32/bin/../lib/gcc/nios2-elf/10.1.1/../../../../../H-x86_64-mingw32/nios2-elf/lib\libc.a(lib_a-fvwrite.o) (memcpy)
c:/intelfpga_lite/20.1/nios2eds/bin/gnu/h-x86_64-mingw32/bin/../lib/gcc/nios2-elf/10.1.1/../../../../../H-x86_64-mingw32/nios2-elf/lib\libc.a(lib_a-memmove.o)
                              c:/intelfpga_lite/20.1/nios2eds/bin/gnu/h-x86_64-mingw32/bin/../lib/gcc/nios2-elf/10.1.1/../../../../../H-x86_64-mingw32/nios2-elf/lib\libc.a(lib_a-fvwrite.o) (memmove)
c:/intelfpga_lite/20.1/nios2eds/bin/gnu/h-x86_64-mingw32/bin/../lib/gcc/nios2-elf/10.1.1/../../../../../H-x86_64-mingw32/nios2-elf/lib\libc.a(lib_a-memset.o)
                              c:/intelfpga_lite/20.1/nios2eds/bin/gnu/h-x86_64-mingw32/bin/../lib/gcc/nios2-elf/10.1.1/../../../../../H-x86_64-mingw32/nios2-elf/lib\libc.a(lib_a-findfp.o) (memset)
c:/intelfpga_lite/20.1/nios2eds/bin/gnu/h-x86_64-mingw32/bin/../lib/gcc/nios2-elf/10.1.1/../../../../../H-x86_64-mingw32/nios2-elf/lib\libc.a(lib_a-reallocr.o)
                              c:/intelfpga_lite/20.1/nios2eds/bin/gnu/h-x86_64-mingw32/bin/../lib/gcc/nios2-elf/10.1.1/../../../../../H-x86_64-mingw32/nios2-elf/lib\libc.a(lib_a-fvwrite.o) (_realloc_r)
c:/intelfpga_lite/20.1/nios2eds/bin/gnu/h-x86_64-mingw32/bin/../lib/gcc/nios2-elf/10.1.1/../../../../../H-x86_64-mingw32/nios2-elf/lib\libc.a(lib_a-sbrkr.o)
[...]
Memory Configuration

Name             Origin             Length             Attributes
reset            0x0000000008000000 0x0000000000000020
Nios2_A_sdram    0x0000000008000020 0x0000000007ffffe0
*default*        0x0000000000000000 0xffffffffffffffff

Linker script and memory map

LOAD c:/Users/jguti/OneDrive/Desktop/Homework4/NEWTEST/software/Nios2_A_bsp//obj/HAL/src/crt0.o
LOAD obj/default/hello_world.o
LOAD c:/intelfpga_lite/20.1/nios2eds/bin/gnu/h-x86_64-mingw32/bin/../lib/gcc/nios2-elf/10.1.1/../../../../../H-x86_64-mingw32/nios2-elf/lib\libstdc++.a
LOAD c:/intelfpga_lite/20.1/nios2eds/bin/gnu/h-x86_64-mingw32/bin/../lib/gcc/nios2-elf/10.1.1/../../../../../H-x86_64-mingw32/nios2-elf/lib\libm.a
LOAD c:/intelfpga_lite/20.1/nios2eds/bin/gnu/h-x86_64-mingw32/bin/../lib/gcc/nios2-elf/10.1.1\libgcc.a
START GROUP
LOAD c:/intelfpga_lite/20.1/nios2eds/bin/gnu/h-x86_64-mingw32/bin/../lib/gcc/nios2-elf/10.1.1/../../../../../H-x86_64-mingw32/nios2-elf/lib\libc.a
LOAD c:/intelfpga_lite/20.1/nios2eds/bin/gnu/h-x86_64-mingw32/bin/../lib/gcc/nios2-elf/10.1.1\libgcc.a
LOAD c:/Users/jguti/OneDrive/Desktop/Homework4/NEWTEST/software/Nios2_A_bsp/\libhal_bsp.a
LOAD c:/intelfpga_lite/20.1/nios2eds/bin/gnu/h-x86_64-mingw32/bin/../lib/gcc/nios2-elf/10.1.1/../../../../../H-x86_64-mingw32/nios2-elf/lib\libm.a
END GROUP
LOAD c:/intelfpga_lite/20.1/nios2eds/bin/gnu/h-x86_64-mingw32/bin/../lib/gcc/nios2-elf/10.1.1\libgcc.a
                0x0000000008000000                __alt_mem_Nios2_A_sdram = 0x8000000

.entry          0x0000000008000000       0x20
 *(.entry)
 .entry         0x0000000008000000       0x20 c:/Users/jguti/OneDrive/Desktop/Homework4/NEWTEST/software/Nios2_A_bsp//obj/HAL/src/crt0.o
                0x0000000008000000                __reset

.exceptions     0x0000000008000020      0x218
                0x0000000008000020                PROVIDE (__ram_exceptions_start = ABSOLUTE (.))
                0x0000000008000020                . = ALIGN (0x20)
 *(.irq)
 *(.exceptions.entry.label)
 .exceptions.entry.label
                0x0000000008000020        0x0 c:/Users/jguti/OneDrive/Desktop/Homework4/NEWTEST/software/Nios2_A_bsp/\libhal_bsp.a(alt_irq_entry.o)
                0x0000000008000020                alt_irq_entry
 .exceptions.entry.label
                0x0000000008000020        0x0 c:/Users/jguti/OneDrive/Desktop/Homework4/NEWTEST/software/Nios2_A_bsp/\libhal_bsp.a(alt_exception_entry.o)
                0x0000000008000020                alt_exception
 *(.exceptions.entry.user)
 *(.exceptions.entry.ecc_fatal)
 *(.exceptions.entry)
 .exceptions.entry
                0x0000000008000020       0x54 c:/Users/jguti/OneDrive/Desktop/Homework4/NEWTEST/software/Nios2_A_bsp/\libhal_bsp.a(alt_exception_entry.o)
 *(.exceptions.irqtest.user)
 *(.exceptions.irqtest)
 .exceptions.irqtest
                0x0000000008000074       0x10 c:/Users/jguti/OneDrive/Desktop/Homework4/NEWTEST/software/Nios2_A_bsp/\libhal_bsp.a(alt_irq_entry.o)
 *(.exceptions.irqhandler.user)
 *(.exceptions.irqhandler)
 .exceptions.irqhandler
                0x0000000008000084        0x4 c:/Users/jguti/OneDrive/Desktop/Homework4/NEWTEST/software/Nios2_A_bsp/\libhal_bsp.a(alt_irq_entry.o)
 *(.exceptions.irqreturn.user)
 *(.exceptions.irqreturn)
 .exceptions.irqreturn
                0x0000000008000088        0x4 c:/Users/jguti/OneDrive/Desktop/Homework4/NEWTEST/software/Nios2_A_bsp/\libhal_bsp.a(alt_irq_entry.o)
 *(.exceptions.notirq.label)
 .exceptions.notirq.label
                0x000000000800008c        0x0 c:/Users/jguti/OneDrive/Desktop/Homework4/NEWTEST/software/Nios2_A_bsp/\libhal_bsp.a(alt_irq_entry.o)
 *(.exceptions.notirq.user)
 *(.exceptions.notirq)
 .exceptions.notirq
                0x000000000800008c        0x8 c:/Users/jguti/OneDrive/Desktop/Homework4/NEWTEST/software/Nios2_A_bsp/\libhal_bsp.a(alt_exception_entry.o)
 *(.exceptions.soft.user)
 *(.exceptions.soft)
 *(.exceptions.unknown.user)
 *(.exceptions.unknown)
 .exceptions.unknown
                0x0000000008000094       0x14 c:/Users/jguti/OneDrive/Desktop/Homework4/NEWTEST/software/Nios2_A_bsp/\libhal_bsp.a(alt_exception_entry.o)
 *(.exceptions.exit.label)
 .exceptions.exit.label
                0x00000000080000a8        0x0 c:/Users/jguti/OneDrive/Desktop/Homework4/NEWTEST/software/Nios2_A_bsp/\libhal_bsp.a(alt_irq_entry.o)
 .exceptions.exit.label
                0x00000000080000a8        0x0 c:/Users/jguti/OneDrive/Desktop/Homework4/NEWTEST/software/Nios2_A_bsp/\libhal_bsp.a(alt_exception_entry.o)
 *(.exceptions.exit.user)
 *(.exceptions.exit)
 .exceptions.exit
                0x00000000080000a8       0x54 c:/Users/jguti/OneDrive/Desktop/Homework4/NEWTEST/software/Nios2_A_bsp/\libhal_bsp.a(alt_exception_entry.o)
 *(.exceptions)
 .exceptions    0x00000000080000fc       0xc8 c:/Users/jguti/OneDrive/Desktop/Homework4/NEWTEST/software/Nios2_A_bsp/\libhal_bsp.a(alt_irq_handler.o)
                0x00000000080000fc                alt_irq_handler
 .exceptions    0x00000000080001c4       0x74 c:/Users/jguti/OneDrive/Desktop/Homework4/NEWTEST/software/Nios2_A_bsp/\libhal_bsp.a(alt_instruction_exception_entry.o)
                0x00000000080001c4                alt_instruction_exception_entry
                0x0000000008000238                PROVIDE (__ram_exceptions_end = ABSOLUTE (.))
                0x0000000008000020                PROVIDE (__flash_exceptions_start = LOADADDR (.exceptions))

.text           0x0000000008000238     0x56d4
                [!provide]                        PROVIDE (stext = ABSOLUTE (.))
 *(.interp)
 *(.hash)
 *(.dynsym)
 *(.dynstr)
 *(.gnu.version)
 *(.gnu.version_d)
 *(.gnu.version_r)
 *(.rel.init)
 *(.rela.init)
 *(.rel.text .rel.text.* .rel.gnu.linkonce.t.*)
 *(.rela.text .rela.text.* .rela.gnu.linkonce.t.*)
 *(.rel.fini)
 *(.rela.fini)
 *(.rel.rodata .rel.rodata.* .rel.gnu.linkonce.r.*)
 *(.rela.rodata .rela.rodata.* .rela.gnu.linkonce.r.*)
 *(.rel.data .rel.data.* .rel.gnu.linkonce.d.*)
 *(.rela.data .rela.data.* .rela.gnu.linkonce.d.*)
 *(.rel.tdata .rel.tdata.* .rel.gnu.linkonce.td.*)
 *(.rela.tdata .rela.tdata.* .rela.gnu.linkonce.td.*)
 *(.rel.tbss .rel.tbss.* .rel.gnu.linkonce.tb.*)
 *(.rela.tbss .rela.tbss.* .rela.gnu.linkonce.tb.*)
 *(.rel.ctors)
 *(.rela.ctors)
 *(.rel.dtors)
 *(.rela.dtors)
 *(.rel.got)
 *(.rela.got)
 *(.rel.sdata .rel.sdata.* .rel.gnu.linkonce.s.*)
 *(.rela.sdata .rela.sdata.* .rela.gnu.linkonce.s.*)
 *(.rel.sbss .rel.sbss.* .rel.gnu.linkonce.sb.*)
 *(.rela.sbss .rela.sbss.* .rela.gnu.linkonce.sb.*)
 *(.rel.sdata2 .rel.sdata2.* .rel.gnu.linkonce.s2.*)
 *(.rela.sdata2 .rela.sdata2.* .rela.gnu.linkonce.s2.*)
 *(.rel.sbss2 .rel.sbss2.* .rel.gnu.linkonce.sb2.*)
 *(.rela.sbss2 .rela.sbss2.* .rela.gnu.linkonce.sb2.*)
 *(.rel.bss .rel.bss.* .rel.gnu.linkonce.b.*)
 *(.rela.bss .rela.bss.* .rela.gnu.linkonce.b.*)
 *(.rel.plt)
 *(.rela.plt)
 *(.rel.dyn)
 *(.init)
 *(.plt)
 *(.text .stub .text.* .gnu.linkonce.t.*)
 .text          0x0000000008000238       0x4c c:/Users/jguti/OneDrive/Desktop/Homework4/NEWTEST/software/Nios2_A_bsp//obj/HAL/src/crt0.o
                0x0000000008000238                _start
 .text          0x0000000008000284       0x88 obj/default/hello_world.o
                0x0000000008000284                delay
                0x00000000080002e4                main
 .text          0x000000000800030c        0x0 c:/intelfpga_lite/20.1/nios2eds/bin/gnu/h-x86_64-mingw32/bin/../lib/gcc/nios2-elf/10.1.1/../../../../../H-x86_64-mingw32/nios2-elf/lib\libc.a(lib_a-clock.o)
 .text.clock    0x000000000800030c       0x48 c:/intelfpga_lite/20.1/nios2eds/bin/gnu/h-x86_64-mingw32/bin/../lib/gcc/nios2-elf/10.1.1/../../../../../H-x86_64-mingw32/nios2-elf/lib\libc.a(lib_a-clock.o)
                0x000000000800030c                clock
 .text          0x0000000008000354        0x0 c:/intelfpga_lite/20.1/nios2eds/bin/gnu/h-x86_64-mingw32/bin/../lib/gcc/nios2-elf/10.1.1/../../../../../H-x86_64-mingw32/nios2-elf/lib\libc.a(lib_a-impure.o)
 .text          0x0000000008000354        0x0 c:/intelfpga_lite/20.1/nios2eds/bin/gnu/h-x86_64-mingw32/bin/../lib/gcc/nios2-elf/10.1.1/../../../../../H-x86_64-mingw32/nios2-elf/lib\libc.a(lib_a-puts.o)
 .text._puts_r  0x0000000008000354       0xcc c:/intelfpga_lite/20.1/nios2eds/bin/gnu/h-x86_64-mingw32/bin/../lib/gcc/nios2-elf/10.1.1/../../../../../H-x86_64-mingw32/nios2-elf/lib\libc.a(lib_a-puts.o)
                0x0000000008000354                _puts_r
 .text.puts     0x0000000008000420       0x10 c:/intelfpga_lite/20.1/nios2eds/bin/gnu/h-x86_64-mingw32/bin/../lib/gcc/nios2-elf/10.1.1/../../../../../H-x86_64-mingw32/nios2-elf/lib\libc.a(lib_a-puts.o)
                0x0000000008000420                puts
 .text          0x0000000008000430        0x0 c:/intelfpga_lite/20.1/nios2eds/bin/gnu/h-x86_64-mingw32/bin/../lib/gcc/nios2-elf/10.1.1/../../../../../H-x86_64-mingw32/nios2-elf/lib\libc.a(lib_a-strlen.o)
 .text.strlen   0x0000000008000430       0x98 c:/intelfpga_lite/20.1/nios2eds/bin/gnu/h-x86_64-mingw32/bin/../lib/gcc/nios2-elf/10.1.1/../../../../../H-x86_64-mingw32/nios2-elf/lib\libc.a(lib_a-strlen.o)
                0x0000000008000430                strlen
 .text          0x00000000080004c8        0x0 c:/intelfpga_lite/20.1/nios2eds/bin/gnu/h-x86_64-mingw32/bin/../lib/gcc/nios2-elf/10.1.1/../../../../../H-x86_64-mingw32/nios2-elf/lib\libc.a(lib_a-timesr.o)
 .text._times_r
                0x00000000080004c8        0x8 c:/intelfpga_lite/20.1/nios2eds/bin/gnu/h-x86_64-mingw32/bin/../lib/gcc/nios2-elf/10.1.1/../../../../../H-x86_64-mingw32/nios2-elf/lib\libc.a(lib_a-timesr.o)
                0x00000000080004c8                _times_r
 .text          0x00000000080004d0        0x0 c:/intelfpga_lite/20.1/nios2eds/bin/gnu/h-x86_64-mingw32/bin/../lib/gcc/nios2-elf/10.1.1/../../../../../H-x86_64-mingw32/nios2-elf/lib\libc.a(lib_a-findfp.o)
 .text.__fp_lock
                0x00000000080004d0        0x8 c:/intelfpga_lite/20.1/nios2eds/bin/gnu/h-x86_64-mingw32/bin/../lib/gcc/nios2-elf/10.1.1/../../../../../H-x86_64-mingw32/nios2-elf/lib\libc.a(lib_a-findfp.o)
 .text._cleanup_r
                0x00000000080004d8        0xc c:/intelfpga_lite/20.1/nios2eds/bin/gnu/h-x86_64-mingw32/bin/../lib/gcc/nios2-elf/10.1.1/../../../../../H-x86_64-mingw32/nios2-elf/lib\libc.a(lib_a-findfp.o)
                0x00000000080004d8                _cleanup_r
 .text.__fp_unlock
                0x00000000080004e4        0x8 c:/intelfpga_lite/20.1/nios2eds/bin/gnu/h-x86_64-mingw32/bin/../lib/gcc/nios2-elf/10.1.1/../../../../../H-x86_64-mingw32/nios2-elf/lib\libc.a(lib_a-findfp.o)
 .text.__sinit.part.0
                0x00000000080004ec      0x168 c:/intelfpga_lite/20.1/nios2eds/bin/gnu/h-x86_64-mingw32/bin/../lib/gcc/nios2-elf/10.1.1/../../../../../H-x86_64-mingw32/nios2-elf/lib\libc.a(lib_a-findfp.o)
 .text.__sfmoreglue
                0x0000000008000654       0x68 c:/intelfpga_lite/20.1/nios2eds/bin/gnu/h-x86_64-mingw32/bin/../lib/gcc/nios2-elf/10.1.1/../../../../../H-x86_64-mingw32/nios2-elf/lib\libc.a(lib_a-findfp.o)
                0x0000000008000654                __sfmoreglue
 .text.__sfp    0x00000000080006bc      0x154 c:/intelfpga_lite/20.1/nios2eds/bin/gnu/h-x86_64-mingw32/bin/../lib/gcc/nios2-elf/10.1.1/../../../../../H-x86_64-mingw32/nios2-elf/lib\libc.a(lib_a-findfp.o)
                0x00000000080006bc                __sfp
 .text._cleanup
                0x0000000008000810       0x14 c:/intelfpga_lite/20.1/nios2eds/bin/gnu/h-x86_64-mingw32/bin/../lib/gcc/nios2-elf/10.1.1/../../../../../H-x86_64-mingw32/nios2-elf/lib\libc.a(lib_a-findfp.o)
                0x0000000008000810                _cleanup
 .text.__sinit  0x0000000008000824       0x10 c:/intelfpga_lite/20.1/nios2eds/bin/gnu/h-x86_64-mingw32/bin/../lib/gcc/nios2-elf/10.1.1/../../../../../H-x86_64-mingw32/nios2-elf/lib\libc.a(lib_a-findfp.o)
                0x0000000008000824                __sinit
 .text.__sfp_lock_acquire
                0x0000000008000834        0x4 c:/intelfpga_lite/20.1/nios2eds/bin/gnu/h-x86_64-mingw32/bin/../lib/gcc/nios2-elf/10.1.1/../../../../../H-x86_64-mingw32/nios2-elf/lib\libc.a(lib_a-findfp.o)
                0x0000000008000834                __sfp_lock_acquire
 .text.__sfp_lock_release
                0x0000000008000838        0x4 c:/intelfpga_lite/20.1/nios2eds/bin/gnu/h-x86_64-mingw32/bin/../lib/gcc/nios2-elf/10.1.1/../../../../../H-x86_64-mingw32/nios2-elf/lib\libc.a(lib_a-findfp.o)
                0x0000000008000838                __sfp_lock_release
 .text.__sinit_lock_acquire
                0x000000000800083c        0x4 c:/intelfpga_lite/20.1/nios2eds/bin/gnu/h-x86_64-mingw32/bin/../lib/gcc/nios2-elf/10.1.1/../../../../../H-x86_64-mingw32/nios2-elf/lib\libc.a(lib_a-findfp.o)
                0x000000000800083c                __sinit_lock_acquire
 .text.__sinit_lock_release
                0x0000000008000840        0x4 c:/intelfpga_lite/20.1/nios2eds/bin/gnu/h-x86_64-mingw32/bin/../lib/gcc/nios2-elf/10.1.1/../../../../../H-x86_64-mingw32/nios2-elf/lib\libc.a(lib_a-findfp.o)
                0x0000000008000840                __sinit_lock_release
 .text.__fp_lock_all
                0x0000000008000844       0x14 c:/intelfpga_lite/20.1/nios2eds/bin/gnu/h-x86_64-mingw32/bin/../lib/gcc/nios2-elf/10.1.1/../../../../../H-x86_64-mingw32/nios2-elf/lib\libc.a(lib_a-findfp.o)
                0x0000000008000844                __fp_lock_all
 .text.__fp_unlock_all
                0x0000000008000858       0x14 c:/intelfpga_lite/20.1/nios2eds/bin/gnu/h-x86_64-mingw32/bin/../lib/gcc/nios2-elf/10.1.1/../../../../../H-x86_64-mingw32/nios2-elf/lib\libc.a(lib_a-findfp.o)
                0x0000000008000858                __fp_unlock_all
 .text          0x000000000800086c        0x0 c:/intelfpga_lite/20.1/nios2eds/bin/gnu/h-x86_64-mingw32/bin/../lib/gcc/nios2-elf/10.1.1/../../../../../H-x86_64-mingw32/nios2-elf/lib\libc.a(lib_a-fvwrite.o)
 .text.__sfvwrite_r
                0x000000000800086c      0x4b8 c:/intelfpga_lite/20.1/nios2eds/bin/gnu/h-x86_64-mingw32/bin/../lib/gcc/nios2-elf/10.1.1/../../../../../H-x86_64-mingw32/nios2-elf/lib\libc.a(lib_a-fvwrite.o)
                0x000000000800086c                __sfvwrite_r
 .text          0x0000000008000d24        0x0 c:/intelfpga_lite/20.1/nios2eds/bin/gnu/h-x86_64-mingw32/bin/../lib/gcc/nios2-elf/10.1.1/../../../../../H-x86_64-mingw32/nios2-elf/lib\libc.a(lib_a-fwalk.o)
 .text._fwalk   0x0000000008000d24       0x98 c:/intelfpga_lite/20.1/nios2eds/bin/gnu/h-x86_64-mingw32/bin/../lib/gcc/nios2-elf/10.1.1/../../../../../H-x86_64-mingw32/nios2-elf/lib\libc.a(lib_a-fwalk.o)
                0x0000000008000d24                _fwalk
 .text._fwalk_reent
                0x0000000008000dbc       0xa8 c:/intelfpga_lite/20.1/nios2eds/bin/gnu/h-x86_64-mingw32/bin/../lib/gcc/nios2-elf/10.1.1/../../../../../H-x86_64-mingw32/nios2-elf/lib\libc.a(lib_a-fwalk.o)
                0x0000000008000dbc                _fwalk_reent
 .text          0x0000000008000e64        0x0 c:/intelfpga_lite/20.1/nios2eds/bin/gnu/h-x86_64-mingw32/bin/../lib/gcc/nios2-elf/10.1.1/../../../../../H-x86_64-mingw32/nios2-elf/lib\libc.a(lib_a-mallocr.o)
 .text._malloc_r
                0x0000000008000e64      0x7e0 c:/intelfpga_lite/20.1/nios2eds/bin/gnu/h-x86_64-mingw32/bin/../lib/gcc/nios2-elf/10.1.1/../../../../../H-x86_64-mingw32/nios2-elf/lib\libc.a(lib_a-mallocr.o)
                0x0000000008000e64                _malloc_r
 .text          0x0000000008001644        0x0 c:/intelfpga_lite/20.1/nios2eds/bin/gnu/h-x86_64-mingw32/bin/../lib/gcc/nios2-elf/10.1.1/../../../../../H-x86_64-mingw32/nios2-elf/lib\libc.a(lib_a-memchr.o)
 .text.memchr   0x0000000008001644       0xd0 c:/intelfpga_lite/20.1/nios2eds/bin/gnu/h-x86_64-mingw32/bin/../lib/gcc/nios2-elf/10.1.1/../../../../../H-x86_64-mingw32/nios2-elf/lib\libc.a(lib_a-memchr.o)
                0x0000000008001644                memchr
 .text          0x0000000008001714        0x0 c:/intelfpga_lite/20.1/nios2eds/bin/gnu/h-x86_64-mingw32/bin/../lib/gcc/nios2-elf/10.1.1/../../../../../H-x86_64-mingw32/nios2-elf/lib\libc.a(lib_a-memcpy.o)
 .text.memcpy   0x0000000008001714      0x100 c:/intelfpga_lite/20.1/nios2eds/bin/gnu/h-x86_64-mingw32/bin/../lib/gcc/nios2-elf/10.1.1/../../../../../H-x86_64-mingw32/nios2-elf/lib\libc.a(lib_a-memcpy.o)
                0x0000000008001714                memcpy
 .text          0x0000000008001814        0x0 c:/intelfpga_lite/20.1/nios2eds/bin/gnu/h-x86_64-mingw32/bin/../lib/gcc/nios2-elf/10.1.1/../../../../../H-x86_64-mingw32/nios2-elf/lib\libc.a(lib_a-memmove.o)
 .text.memmove  0x0000000008001814      0x12c c:/intelfpga_lite/20.1/nios2eds/bin/gnu/h-x86_64-mingw32/bin/../lib/gcc/nios2-elf/10.1.1/../../../../../H-x86_64-mingw32/nios2-elf/lib\libc.a(lib_a-memmove.o)
                0x0000000008001814                memmove
 .text          0x0000000008001940        0x0 c:/intelfpga_lite/20.1/nios2eds/bin/gnu/h-x86_64-mingw32/bin/../lib/gcc/nios2-elf/10.1.1/../../../../../H-x86_64-mingw32/nios2-elf/lib\libc.a(lib_a-memset.o)
 .text.memset   0x0000000008001940       0xf0 c:/intelfpga_lite/20.1/nios2eds/bin/gnu/h-x86_64-mingw32/bin/../lib/gcc/nios2-elf/10.1.1/../../../../../H-x86_64-mingw32/nios2-elf/lib\libc.a(lib_a-memset.o)
                0x0000000008001940                memset
 .text          0x0000000008001a30        0x0 c:/intelfpga_lite/20.1/nios2eds/bin/gnu/h-x86_64-mingw32/bin/../lib/gcc/nios2-elf/10.1.1/../../../../../H-x86_64-mingw32/nios2-elf/lib\libc.a(lib_a-reallocr.o)
 .text._realloc_r
                0x0000000008001a30      0x564 c:/intelfpga_lite/20.1/nios2eds/bin/gnu/h-x86_64-mingw32/bin/../lib/gcc/nios2-elf/10.1.1/../../../../../H-x86_64-mingw32/nios2-elf/lib\libc.a(lib_a-reallocr.o)
                0x0000000008001a30                _realloc_r
 .text          0x0000000008001f94        0x0 c:/intelfpga_lite/20.1/nios2eds/bin/gnu/h-x86_64-mingw32/bin/../lib/gcc/nios2-elf/10.1.1/../../../../../H-x86_64-mingw32/nios2-elf/lib\libc.a(lib_a-sbrkr.o)
 .text._sbrk_r  0x0000000008001f94       0x58 c:/intelfpga_lite/20.1/nios2eds/bin/gnu/h-x86_64-mingw32/bin/../lib/gcc/nios2-elf/10.1.1/../../../../../H-x86_64-mingw32/nios2-elf/lib\libc.a(lib_a-sbrkr.o)
                0x0000000008001f94                _sbrk_r
 .text          0x0000000008001fec        0x0 c:/intelfpga_lite/20.1/nios2eds/bin/gnu/h-x86_64-mingw32/bin/../lib/gcc/nios2-elf/10.1.1/../../../../../H-x86_64-mingw32/nios2-elf/lib\libc.a(lib_a-stdio.o)
 .text.__sread  0x0000000008001fec       0x54 c:/intelfpga_lite/20.1/nios2eds/bin/gnu/h-x86_64-mingw32/bin/../lib/gcc/nios2-elf/10.1.1/../../../../../H-x86_64-mingw32/nios2-elf/lib\libc.a(lib_a-stdio.o)
                0x0000000008001fec                __sread
 .text.__seofread
                0x0000000008002040        0x8 c:/intelfpga_lite/20.1/nios2eds/bin/gnu/h-x86_64-mingw32/bin/../lib/gcc/nios2-elf/10.1.1/../../../../../H-x86_64-mingw32/nios2-elf/lib\libc.a(lib_a-stdio.o)
                0x0000000008002040                __seofread
 .text.__swrite
                0x0000000008002048       0x80 c:/intelfpga_lite/20.1/nios2eds/bin/gnu/h-x86_64-mingw32/bin/../lib/gcc/nios2-elf/10.1.1/../../../../../H-x86_64-mingw32/nios2-elf/lib\libc.a(lib_a-stdio.o)
                0x0000000008002048                __swrite
 .text.__sseek  0x00000000080020c8       0x5c c:/intelfpga_lite/20.1/nios2eds/bin/gnu/h-x86_64-mingw32/bin/../lib/gcc/nios2-elf/10.1.1/../../../../../H-x86_64-mingw32/nios2-elf/lib\libc.a(lib_a-stdio.o)
                0x00000000080020c8                __sseek
 .text.__sclose
                0x0000000008002124        0x8 c:/intelfpga_lite/20.1/nios2eds/bin/gnu/h-x86_64-mingw32/bin/../lib/gcc/nios2-elf/10.1.1/../../../../../H-x86_64-mingw32/nios2-elf/lib\libc.a(lib_a-stdio.o)
                0x0000000008002124                __sclose
 .text          0x000000000800212c        0x0 c:/intelfpga_lite/20.1/nios2eds/bin/gnu/h-x86_64-mingw32/bin/../lib/gcc/nios2-elf/10.1.1/../../../../../H-x86_64-mingw32/nios2-elf/lib\libc.a(lib_a-writer.o)
 .text._write_r
                0x000000000800212c       0x64 c:/intelfpga_lite/20.1/nios2eds/bin/gnu/h-x86_64-mingw32/bin/../lib/gcc/nios2-elf/10.1.1/../../../../../H-x86_64-mingw32/nios2-elf/lib\libc.a(lib_a-writer.o)
                0x000000000800212c                _write_r
 .text          0x0000000008002190        0x0 c:/intelfpga_lite/20.1/nios2eds/bin/gnu/h-x86_64-mingw32/bin/../lib/gcc/nios2-elf/10.1.1/../../../../../H-x86_64-mingw32/nios2-elf/lib\libc.a(lib_a-wsetup.o)
 .text.__swsetup_r
                0x0000000008002190      0x164 c:/intelfpga_lite/20.1/nios2eds/bin/gnu/h-x86_64-mingw32/bin/../lib/gcc/nios2-elf/10.1.1/../../../../../H-x86_64-mingw32/nios2-elf/lib\libc.a(lib_a-wsetup.o)
                0x0000000008002190                __swsetup_r
 .text          0x00000000080022f4        0x0 c:/intelfpga_lite/20.1/nios2eds/bin/gnu/h-x86_64-mingw32/bin/../lib/gcc/nios2-elf/10.1.1/../../../../../H-x86_64-mingw32/nios2-elf/lib\libc.a(closer.o)
 .text._close_r
                0x00000000080022f4       0x58 c:/intelfpga_lite/20.1/nios2eds/bin/gnu/h-x86_64-mingw32/bin/../lib/gcc/nios2-elf/10.1.1/../../../../../H-x86_64-mingw32/nios2-elf/lib\libc.a(closer.o)
                0x00000000080022f4                _close_r
 .text          0x000000000800234c        0x0 c:/intelfpga_lite/20.1/nios2eds/bin/gnu/h-x86_64-mingw32/bin/../lib/gcc/nios2-elf/10.1.1/../../../../../H-x86_64-mingw32/nios2-elf/lib\libc.a(lib_a-fclose.o)
 .text._fclose_r.part.0
                0x000000000800234c       0xc0 c:/intelfpga_lite/20.1/nios2eds/bin/gnu/h-x86_64-mingw32/bin/../lib/gcc/nios2-elf/10.1.1/../../../../../H-x86_64-mingw32/nios2-elf/lib\libc.a(lib_a-fclose.o)
 .text._fclose_r
                0x000000000800240c       0x70 c:/intelfpga_lite/20.1/nios2eds/bin/gnu/h-x86_64-mingw32/bin/../lib/gcc/nios2-elf/10.1.1/../../../../../H-x86_64-mingw32/nios2-elf/lib\libc.a(lib_a-fclose.o)
                0x000000000800240c                _fclose_r
 .text.fclose   0x000000000800247c       0x70 c:/intelfpga_lite/20.1/nios2eds/bin/gnu/h-x86_64-mingw32/bin/../lib/gcc/nios2-elf/10.1.1/../../../../../H-x86_64-mingw32/nios2-elf/lib\libc.a(lib_a-fclose.o)
                0x000000000800247c                fclose
 .text          0x00000000080024ec        0x0 c:/intelfpga_lite/20.1/nios2eds/bin/gnu/h-x86_64-mingw32/bin/../lib/gcc/nios2-elf/10.1.1/../../../../../H-x86_64-mingw32/nios2-elf/lib\libc.a(lib_a-fflush.o)
 .text.__sflush_r
                0x00000000080024ec      0x228 c:/intelfpga_lite/20.1/nios2eds/bin/gnu/h-x86_64-mingw32/bin/../lib/gcc/nios2-elf/10.1.1/../../../../../H-x86_64-mingw32/nios2-elf/lib\libc.a(lib_a-fflush.o)
                0x00000000080024ec                __sflush_r
 .text._fflush_r
                0x0000000008002714       0x60 c:/intelfpga_lite/20.1/nios2eds/bin/gnu/h-x86_64-mingw32/bin/../lib/gcc/nios2-elf/10.1.1/../../../../../H-x86_64-mingw32/nios2-elf/lib\libc.a(lib_a-fflush.o)
                0x0000000008002714                _fflush_r
 .text.fflush   0x0000000008002774       0x84 c:/intelfpga_lite/20.1/nios2eds/bin/gnu/h-x86_64-mingw32/bin/../lib/gcc/nios2-elf/10.1.1/../../../../../H-x86_64-mingw32/nios2-elf/lib\libc.a(lib_a-fflush.o)
                0x0000000008002774                fflush
 .text          0x00000000080027f8        0x0 c:/intelfpga_lite/20.1/nios2eds/bin/gnu/h-x86_64-mingw32/bin/../lib/gcc/nios2-elf/10.1.1/../../../../../H-x86_64-mingw32/nios2-elf/lib\libc.a(lib_a-freer.o)
 .text._malloc_trim_r
                0x00000000080027f8      0x11c c:/intelfpga_lite/20.1/nios2eds/bin/gnu/h-x86_64-mingw32/bin/../lib/gcc/nios2-elf/10.1.1/../../../../../H-x86_64-mingw32/nios2-elf/lib\libc.a(lib_a-freer.o)
                0x00000000080027f8                _malloc_trim_r
 .text._free_r  0x0000000008002914      0x2fc c:/intelfpga_lite/20.1/nios2eds/bin/gnu/h-x86_64-mingw32/bin/../lib/gcc/nios2-elf/10.1.1/../../../../../H-x86_64-mingw32/nios2-elf/lib\libc.a(lib_a-freer.o)
                0x0000000008002914                _free_r
 .text          0x0000000008002c10        0x0 c:/intelfpga_lite/20.1/nios2eds/bin/gnu/h-x86_64-mingw32/bin/../lib/gcc/nios2-elf/10.1.1/../../../../../H-x86_64-mingw32/nios2-elf/lib\libc.a(lib_a-int_errno.o)
 .text          0x0000000008002c10        0x0 c:/intelfpga_lite/20.1/nios2eds/bin/gnu/h-x86_64-mingw32/bin/../lib/gcc/nios2-elf/10.1.1/../../../../../H-x86_64-mingw32/nios2-elf/lib\libc.a(lib_a-lseekr.o)
 .text._lseek_r
                0x0000000008002c10       0x64 c:/intelfpga_lite/20.1/nios2eds/bin/gnu/h-x86_64-mingw32/bin/../lib/gcc/nios2-elf/10.1.1/../../../../../H-x86_64-mingw32/nios2-elf/lib\libc.a(lib_a-lseekr.o)
                0x0000000008002c10                _lseek_r
 .text          0x0000000008002c74        0x0 c:/intelfpga_lite/20.1/nios2eds/bin/gnu/h-x86_64-mingw32/bin/../lib/gcc/nios2-elf/10.1.1/../../../../../H-x86_64-mingw32/nios2-elf/lib\libc.a(lib_a-makebuf.o)
 .text.__smakebuf_r
                0x0000000008002c74      0x1b0 c:/intelfpga_lite/20.1/nios2eds/bin/gnu/h-x86_64-mingw32/bin/../lib/gcc/nios2-elf/10.1.1/../../../../../H-x86_64-mingw32/nios2-elf/lib\libc.a(lib_a-makebuf.o)
                0x0000000008002c74                __smakebuf_r
 .text.__swhatbuf_r
                0x0000000008002e24       0x98 c:/intelfpga_lite/20.1/nios2eds/bin/gnu/h-x86_64-mingw32/bin/../lib/gcc/nios2-elf/10.1.1/../../../../../H-x86_64-mingw32/nios2-elf/lib\libc.a(lib_a-makebuf.o)
                0x0000000008002e24                __swhatbuf_r
 .text          0x0000000008002ebc        0x0 c:/intelfpga_lite/20.1/nios2eds/bin/gnu/h-x86_64-mingw32/bin/../lib/gcc/nios2-elf/10.1.1/../../../../../H-x86_64-mingw32/nios2-elf/lib\libc.a(lib_a-readr.o)
 .text._read_r  0x0000000008002ebc       0x64 c:/intelfpga_lite/20.1/nios2eds/bin/gnu/h-x86_64-mingw32/bin/../lib/gcc/nios2-elf/10.1.1/../../../../../H-x86_64-mingw32/nios2-elf/lib\libc.a(lib_a-readr.o)
                0x0000000008002ebc                _read_r
 .text          0x0000000008002f20        0x0 c:/intelfpga_lite/20.1/nios2eds/bin/gnu/h-x86_64-mingw32/bin/../lib/gcc/nios2-elf/10.1.1/../../../../../H-x86_64-mingw32/nios2-elf/lib\libc.a(lib_a-fstatr.o)
 .text._fstat_r
                0x0000000008002f20       0x60 c:/intelfpga_lite/20.1/nios2eds/bin/gnu/h-x86_64-mingw32/bin/../lib/gcc/nios2-elf/10.1.1/../../../../../H-x86_64-mingw32/nios2-elf/lib\libc.a(lib_a-fstatr.o)
                0x0000000008002f20                _fstat_r
 .text          0x0000000008002f80        0x0 c:/intelfpga_lite/20.1/nios2eds/bin/gnu/h-x86_64-mingw32/bin/../lib/gcc/nios2-elf/10.1.1/../../../../../H-x86_64-mingw32/nios2-elf/lib\libc.a(lib_a-isattyr.o)
 .text._isatty_r
                0x0000000008002f80       0x58 c:/intelfpga_lite/20.1/nios2eds/bin/gnu/h-x86_64-mingw32/bin/../lib/gcc/nios2-elf/10.1.1/../../../../../H-x86_64-mingw32/nios2-elf/lib\libc.a(lib_a-isattyr.o)
                0x0000000008002f80                _isatty_r
 .text          0x0000000008002fd8      0x1b4 c:/intelfpga_lite/20.1/nios2eds/bin/gnu/h-x86_64-mingw32/bin/../lib/gcc/nios2-elf/10.1.1\libgcc.a(lib2-divmod.o)
                0x0000000008002fd8                __divsi3
                0x0000000008003058                __modsi3
                0x00000000080030cc                __udivsi3
                0x0000000008003130                __umodsi3
 .text          0x000000000800318c      0x10c c:/Users/jguti/OneDrive/Desktop/Homework4/NEWTEST/software/Nios2_A_bsp/\libhal_bsp.a(alt_close.o)
                0x00000000080031c8                close
 .text          0x0000000008003298       0x2c c:/Users/jguti/OneDrive/Desktop/Homework4/NEWTEST/software/Nios2_A_bsp/\libhal_bsp.a(alt_dev.o)
 .text          0x00000000080032c4        0x0 c:/Users/jguti/OneDrive/Desktop/Homework4/NEWTEST/software/Nios2_A_bsp/\libhal_bsp.a(alt_errno.o)
 .text          0x00000000080032c4       0xec c:/Users/jguti/OneDrive/Desktop/Homework4/NEWTEST/software/Nios2_A_bsp/\libhal_bsp.a(alt_fstat.o)
                0x0000000008003300                fstat
 .text          0x00000000080033b0       0xe0 c:/Users/jguti/OneDrive/Desktop/Homework4/NEWTEST/software/Nios2_A_bsp/\libhal_bsp.a(alt_isatty.o)
                0x00000000080033ec                isatty
 .text          0x0000000008003490       0xec c:/Users/jguti/OneDrive/Desktop/Homework4/NEWTEST/software/Nios2_A_bsp/\libhal_bsp.a(alt_load.o)
                0x00000000080034f8                alt_load
 .text          0x000000000800357c      0x110 c:/Users/jguti/OneDrive/Desktop/Homework4/NEWTEST/software/Nios2_A_bsp/\libhal_bsp.a(alt_lseek.o)
                0x00000000080035b8                lseek
 .text          0x000000000800368c       0x7c c:/Users/jguti/OneDrive/Desktop/Homework4/NEWTEST/software/Nios2_A_bsp/\libhal_bsp.a(alt_main.o)
                0x000000000800368c                alt_main
 .text          0x0000000008003708       0x48 c:/Users/jguti/OneDrive/Desktop/Homework4/NEWTEST/software/Nios2_A_bsp/\libhal_bsp.a(alt_malloc_lock.o)
                0x0000000008003708                __malloc_lock
                0x000000000800372c                __malloc_unlock
 .text          0x0000000008003750      0x138 c:/Users/jguti/OneDrive/Desktop/Homework4/NEWTEST/software/Nios2_A_bsp/\libhal_bsp.a(alt_read.o)
                0x000000000800378c                read
 .text          0x0000000008003888       0x58 c:/Users/jguti/OneDrive/Desktop/Homework4/NEWTEST/software/Nios2_A_bsp/\libhal_bsp.a(alt_release_fd.o)
                0x0000000008003888                alt_release_fd
 .text          0x00000000080038e0       0xb8 c:/Users/jguti/OneDrive/Desktop/Homework4/NEWTEST/software/Nios2_A_bsp/\libhal_bsp.a(alt_sbrk.o)
                0x00000000080038e0                sbrk
 .text          0x0000000008003998       0xb4 c:/Users/jguti/OneDrive/Desktop/Homework4/NEWTEST/software/Nios2_A_bsp/\libhal_bsp.a(alt_times.o)
                0x00000000080039d4                times
 .text          0x0000000008003a4c      0x134 c:/Users/jguti/OneDrive/Desktop/Homework4/NEWTEST/software/Nios2_A_bsp/\libhal_bsp.a(alt_write.o)
                0x0000000008003a88                write
 .text          0x0000000008003b80       0xd4 c:/Users/jguti/OneDrive/Desktop/Homework4/NEWTEST/software/Nios2_A_bsp/\libhal_bsp.a(alt_sys_init.o)
                0x0000000008003bb4                alt_irq_init
                0x0000000008003bf0                alt_sys_init
 .text          0x0000000008003c54      0x164 c:/Users/jguti/OneDrive/Desktop/Homework4/NEWTEST/software/Nios2_A_bsp/\libhal_bsp.a(altera_avalon_jtag_uart_fd.o)
                0x0000000008003c54                altera_avalon_jtag_uart_read_fd
                0x0000000008003cb4                altera_avalon_jtag_uart_write_fd
                0x0000000008003d14                altera_avalon_jtag_uart_close_fd
                0x0000000008003d64                altera_avalon_jtag_uart_ioctl_fd
 .text          0x0000000008003db8      0x3d4 c:/Users/jguti/OneDrive/Desktop/Homework4/NEWTEST/software/Nios2_A_bsp/\libhal_bsp.a(altera_avalon_jtag_uart_init.o)
                0x0000000008003db8                altera_avalon_jtag_uart_init
                0x0000000008004124                altera_avalon_jtag_uart_close
 .text          0x000000000800418c       0xf4 c:/Users/jguti/OneDrive/Desktop/Homework4/NEWTEST/software/Nios2_A_bsp/\libhal_bsp.a(altera_avalon_jtag_uart_ioctl.o)
                0x000000000800418c                altera_avalon_jtag_uart_ioctl
 .text          0x0000000008004280      0x220 c:/Users/jguti/OneDrive/Desktop/Homework4/NEWTEST/software/Nios2_A_bsp/\libhal_bsp.a(altera_avalon_jtag_uart_read.o)
                0x0000000008004280                altera_avalon_jtag_uart_read
 .text          0x00000000080044a0      0x228 c:/Users/jguti/OneDrive/Desktop/Homework4/NEWTEST/software/Nios2_A_bsp/\libhal_bsp.a(altera_avalon_jtag_uart_write.o)
                0x00000000080044a0                altera_avalon_jtag_uart_write
 .text          0x00000000080046c8      0x100 c:/Users/jguti/OneDrive/Desktop/Homework4/NEWTEST/software/Nios2_A_bsp/\libhal_bsp.a(altera_avalon_timer_sc.o)
                0x0000000008004744                alt_avalon_timer_sc_init
 .text          0x00000000080047c8      0x134 c:/Users/jguti/OneDrive/Desktop/Homework4/NEWTEST/software/Nios2_A_bsp/\libhal_bsp.a(alt_alarm_start.o)
                0x00000000080047c8                alt_alarm_start
 .text          0x00000000080048fc       0x4c c:/Users/jguti/OneDrive/Desktop/Homework4/NEWTEST/software/Nios2_A_bsp/\libhal_bsp.a(alt_dcache_flush_all.o)
                0x00000000080048fc                alt_dcache_flush_all
 .text          0x0000000008004948       0xe4 c:/Users/jguti/OneDrive/Desktop/Homework4/NEWTEST/software/Nios2_A_bsp/\libhal_bsp.a(alt_dev_llist_insert.o)
                0x0000000008004984                alt_dev_llist_insert
 .text          0x0000000008004a2c       0x64 c:/Users/jguti/OneDrive/Desktop/Homework4/NEWTEST/software/Nios2_A_bsp/\libhal_bsp.a(alt_do_ctors.o)
                0x0000000008004a2c                _do_ctors
 .text          0x0000000008004a90       0x64 c:/Users/jguti/OneDrive/Desktop/Homework4/NEWTEST/software/Nios2_A_bsp/\libhal_bsp.a(alt_do_dtors.o)
                0x0000000008004a90                _do_dtors
 .text          0x0000000008004af4       0x34 c:/Users/jguti/OneDrive/Desktop/Homework4/NEWTEST/software/Nios2_A_bsp/\libhal_bsp.a(alt_icache_flush_all.o)
                0x0000000008004af4                alt_icache_flush_all
 .text          0x0000000008004b28      0x1b0 c:/Users/jguti/OneDrive/Desktop/Homework4/NEWTEST/software/Nios2_A_bsp/\libhal_bsp.a(alt_iic.o)
                0x0000000008004b28                alt_ic_isr_register
                0x0000000008004b78                alt_ic_irq_enable
                0x0000000008004c00                alt_ic_irq_disable
                0x0000000008004c8c                alt_ic_irq_enabled
 .text          0x0000000008004cd8       0xe8 c:/Users/jguti/OneDrive/Desktop/Homework4/NEWTEST/software/Nios2_A_bsp/\libhal_bsp.a(alt_iic_isr_register.o)
                0x0000000008004cd8                alt_iic_isr_register
 .text          0x0000000008004dc0      0x12c c:/Users/jguti/OneDrive/Desktop/Homework4/NEWTEST/software/Nios2_A_bsp/\libhal_bsp.a(alt_io_redirect.o)
                0x0000000008004e70                alt_io_redirect
 .text          0x0000000008004eec        0x0 c:/Users/jguti/OneDrive/Desktop/Homework4/NEWTEST/software/Nios2_A_bsp/\libhal_bsp.a(alt_irq_entry.o)
 .text          0x0000000008004eec        0x0 c:/Users/jguti/OneDrive/Desktop/Homework4/NEWTEST/software/Nios2_A_bsp/\libhal_bsp.a(alt_irq_handler.o)
 .text          0x0000000008004eec        0x0 c:/Users/jguti/OneDrive/Desktop/Homework4/NEWTEST/software/Nios2_A_bsp/\libhal_bsp.a(alt_irq_vars.o)
 .text          0x0000000008004eec      0x248 c:/Users/jguti/OneDrive/Desktop/Homework4/NEWTEST/software/Nios2_A_bsp/\libhal_bsp.a(alt_open.o)
                0x0000000008004fe0                open
 .text          0x0000000008005134      0x1ac c:/Users/jguti/OneDrive/Desktop/Homework4/NEWTEST/software/Nios2_A_bsp/\libhal_bsp.a(alt_tick.o)
                0x0000000008005134                alt_alarm_stop
                0x00000000080051d8                alt_tick
 .text          0x00000000080052e0       0x24 c:/Users/jguti/OneDrive/Desktop/Homework4/NEWTEST/software/Nios2_A_bsp/\libhal_bsp.a(altera_nios2_gen2_irq.o)
                0x00000000080052e0                altera_nios2_gen2_irq_init
 .text          0x0000000008005304        0x0 c:/Users/jguti/OneDrive/Desktop/Homework4/NEWTEST/software/Nios2_A_bsp/\libhal_bsp.a(alt_exception_entry.o)
 .text          0x0000000008005304       0x90 c:/Users/jguti/OneDrive/Desktop/Homework4/NEWTEST/software/Nios2_A_bsp/\libhal_bsp.a(alt_find_dev.o)
                0x0000000008005304                alt_find_dev
 .text          0x0000000008005394      0x108 c:/Users/jguti/OneDrive/Desktop/Homework4/NEWTEST/software/Nios2_A_bsp/\libhal_bsp.a(alt_find_file.o)
                0x0000000008005394                alt_find_file
 .text          0x000000000800549c       0xa0 c:/Users/jguti/OneDrive/Desktop/Homework4/NEWTEST/software/Nios2_A_bsp/\libhal_bsp.a(alt_get_fd.o)
                0x000000000800549c                alt_get_fd
 .text          0x000000000800553c       0x90 c:/Users/jguti/OneDrive/Desktop/Homework4/NEWTEST/software/Nios2_A_bsp/\libhal_bsp.a(alt_icache_flush.o)
                0x000000000800553c                alt_icache_flush
 .text          0x00000000080055cc       0x98 c:/Users/jguti/OneDrive/Desktop/Homework4/NEWTEST/software/Nios2_A_bsp/\libhal_bsp.a(alt_instruction_exception_entry.o)
                0x00000000080055cc                alt_exception_cause_generated_bad_addr
 .text          0x0000000008005664        0x0 c:/intelfpga_lite/20.1/nios2eds/bin/gnu/h-x86_64-mingw32/bin/../lib/gcc/nios2-elf/10.1.1/../../../../../H-x86_64-mingw32/nios2-elf/lib\libc.a(lib_a-atexit.o)
 .text.atexit   0x0000000008005664       0x14 c:/intelfpga_lite/20.1/nios2eds/bin/gnu/h-x86_64-mingw32/bin/../lib/gcc/nios2-elf/10.1.1/../../../../../H-x86_64-mingw32/nios2-elf/lib\libc.a(lib_a-atexit.o)
                0x0000000008005664                atexit
 .text          0x0000000008005678        0x0 c:/intelfpga_lite/20.1/nios2eds/bin/gnu/h-x86_64-mingw32/bin/../lib/gcc/nios2-elf/10.1.1/../../../../../H-x86_64-mingw32/nios2-elf/lib\libc.a(lib_a-exit.o)
 .text.exit     0x0000000008005678       0x34 c:/intelfpga_lite/20.1/nios2eds/bin/gnu/h-x86_64-mingw32/bin/../lib/gcc/nios2-elf/10.1.1/../../../../../H-x86_64-mingw32/nios2-elf/lib\libc.a(lib_a-exit.o)
                0x0000000008005678                exit
 .text          0x00000000080056ac        0x0 c:/intelfpga_lite/20.1/nios2eds/bin/gnu/h-x86_64-mingw32/bin/../lib/gcc/nios2-elf/10.1.1/../../../../../H-x86_64-mingw32/nios2-elf/lib\libc.a(lib_a-memcmp.o)
 .text.memcmp   0x00000000080056ac       0x78 c:/intelfpga_lite/20.1/nios2eds/bin/gnu/h-x86_64-mingw32/bin/../lib/gcc/nios2-elf/10.1.1/../../../../../H-x86_64-mingw32/nios2-elf/lib\libc.a(lib_a-memcmp.o)
                0x00000000080056ac                memcmp
 .text          0x0000000008005724        0x0 c:/intelfpga_lite/20.1/nios2eds/bin/gnu/h-x86_64-mingw32/bin/../lib/gcc/nios2-elf/10.1.1/../../../../../H-x86_64-mingw32/nios2-elf/lib\libc.a(lib_a-__atexit.o)
 .text.__register_exitproc
                0x0000000008005724       0x90 c:/intelfpga_lite/20.1/nios2eds/bin/gnu/h-x86_64-mingw32/bin/../lib/gcc/nios2-elf/10.1.1/../../../../../H-x86_64-mingw32/nios2-elf/lib\libc.a(lib_a-__atexit.o)
                0x0000000008005724                __register_exitproc
 .text          0x00000000080057b4        0x0 c:/intelfpga_lite/20.1/nios2eds/bin/gnu/h-x86_64-mingw32/bin/../lib/gcc/nios2-elf/10.1.1/../../../../../H-x86_64-mingw32/nios2-elf/lib\libc.a(lib_a-__call_atexit.o)
 .text.__call_exitprocs
                0x00000000080057b4      0x120 c:/intelfpga_lite/20.1/nios2eds/bin/gnu/h-x86_64-mingw32/bin/../lib/gcc/nios2-elf/10.1.1/../../../../../H-x86_64-mingw32/nios2-elf/lib\libc.a(lib_a-__call_atexit.o)
                0x00000000080057b4                __call_exitprocs
 .text          0x00000000080058d4       0x38 c:/Users/jguti/OneDrive/Desktop/Homework4/NEWTEST/software/Nios2_A_bsp/\libhal_bsp.a(alt_exit.o)
                0x00000000080058d4                _exit
 *(.gnu.warning.*)
 *(.fini)
                [!provide]                        PROVIDE (__etext = ABSOLUTE (.))
                [!provide]                        PROVIDE (_etext = ABSOLUTE (.))
                [!provide]                        PROVIDE (etext = ABSOLUTE (.))
 *(.eh_frame_hdr)
                0x000000000800590c                . = ALIGN (0x4)
                [!provide]                        PROVIDE (__preinit_array_start = ABSOLUTE (.))
 *(.preinit_array)
                [!provide]                        PROVIDE (__preinit_array_end = ABSOLUTE (.))
                [!provide]                        PROVIDE (__init_array_start = ABSOLUTE (.))
 *(.init_array)
                [!provide]                        PROVIDE (__init_array_end = ABSOLUTE (.))
                [!provide]                        PROVIDE (__fini_array_start = ABSOLUTE (.))
 *(.fini_array)
                [!provide]                        PROVIDE (__fini_array_end = ABSOLUTE (.))
 *(.eh_frame)
 *(.gcc_except_table .gcc_except_table.*)
 *(.dynamic)
                0x000000000800590c                PROVIDE (__CTOR_LIST__ = ABSOLUTE (.))
 *(.ctors)
 *(SORT_BY_NAME(.ctors.*))
                0x000000000800590c                PROVIDE (__CTOR_END__ = ABSOLUTE (.))
                0x000000000800590c                PROVIDE (__DTOR_LIST__ = ABSOLUTE (.))
 *(.dtors)
 *(SORT_BY_NAME(.dtors.*))
                0x000000000800590c                PROVIDE (__DTOR_END__ = ABSOLUTE (.))
 *(.jcr)
                0x000000000800590c                . = ALIGN (0x4)

.rodata         0x000000000800590c       0x60
                0x000000000800590c                PROVIDE (__ram_rodata_start = ABSOLUTE (.))
                0x000000000800590c                . = ALIGN (0x4)
 *(.rodata .rodata.* .gnu.linkonce.r.*)
 .rodata        0x000000000800590c       0x17 obj/default/hello_world.o
 *fill*         0x0000000008005923        0x1 
 .rodata._puts_r.str1.4
                0x0000000008005924        0x2 c:/intelfpga_lite/20.1/nios2eds/bin/gnu/h-x86_64-mingw32/bin/../lib/gcc/nios2-elf/10.1.1/../../../../../H-x86_64-mingw32/nios2-elf/lib\libc.a(lib_a-puts.o)
 *fill*         0x0000000008005926        0x2 
 .rodata        0x0000000008005928        0xa c:/Users/jguti/OneDrive/Desktop/Homework4/NEWTEST/software/Nios2_A_bsp/\libhal_bsp.a(alt_dev.o)
 *fill*         0x0000000008005932        0x2 
 .rodata        0x0000000008005934       0x19 c:/Users/jguti/OneDrive/Desktop/Homework4/NEWTEST/software/Nios2_A_bsp/\libhal_bsp.a(alt_main.o)
 *fill*         0x000000000800594d        0x3 
 .rodata        0x0000000008005950       0x19 c:/Users/jguti/OneDrive/Desktop/Homework4/NEWTEST/software/Nios2_A_bsp/\libhal_bsp.a(alt_sys_init.o)
 *(.rodata1)
                0x000000000800596c                . = ALIGN (0x4)
 *fill*         0x0000000008005969        0x3 
                0x000000000800596c                PROVIDE (__ram_rodata_end = ABSOLUTE (.))
                0x000000000800590c                PROVIDE (__flash_rodata_start = LOADADDR (.rodata))

.rwdata         0x000000000800596c     0x1a6c load address 0x00000000080073d8
                0x000000000800596c                PROVIDE (__ram_rwdata_start = ABSOLUTE (.))
                0x000000000800596c                . = ALIGN (0x4)
 *(.got.plt)
 *(.got)
 *(.data1)
 *(.data .data.* .gnu.linkonce.d.*)
 .data          0x000000000800596c        0x0 c:/Users/jguti/OneDrive/Desktop/Homework4/NEWTEST/software/Nios2_A_bsp//obj/HAL/src/crt0.o
 .data          0x000000000800596c        0x0 obj/default/hello_world.o
 .data          0x000000000800596c        0x0 c:/intelfpga_lite/20.1/nios2eds/bin/gnu/h-x86_64-mingw32/bin/../lib/gcc/nios2-elf/10.1.1/../../../../../H-x86_64-mingw32/nios2-elf/lib\libc.a(lib_a-clock.o)
 .data          0x000000000800596c        0x0 c:/intelfpga_lite/20.1/nios2eds/bin/gnu/h-x86_64-mingw32/bin/../lib/gcc/nios2-elf/10.1.1/../../../../../H-x86_64-mingw32/nios2-elf/lib\libc.a(lib_a-impure.o)
 .data.impure_data
                0x000000000800596c      0x424 c:/intelfpga_lite/20.1/nios2eds/bin/gnu/h-x86_64-mingw32/bin/../lib/gcc/nios2-elf/10.1.1/../../../../../H-x86_64-mingw32/nios2-elf/lib\libc.a(lib_a-impure.o)
 .data          0x0000000008005d90        0x0 c:/intelfpga_lite/20.1/nios2eds/bin/gnu/h-x86_64-mingw32/bin/../lib/gcc/nios2-elf/10.1.1/../../../../../H-x86_64-mingw32/nios2-elf/lib\libc.a(lib_a-puts.o)
 .data          0x0000000008005d90        0x0 c:/intelfpga_lite/20.1/nios2eds/bin/gnu/h-x86_64-mingw32/bin/../lib/gcc/nios2-elf/10.1.1/../../../../../H-x86_64-mingw32/nios2-elf/lib\libc.a(lib_a-strlen.o)
 .data          0x0000000008005d90        0x0 c:/intelfpga_lite/20.1/nios2eds/bin/gnu/h-x86_64-mingw32/bin/../lib/gcc/nios2-elf/10.1.1/../../../../../H-x86_64-mingw32/nios2-elf/lib\libc.a(lib_a-timesr.o)
 .data          0x0000000008005d90        0x0 c:/intelfpga_lite/20.1/nios2eds/bin/gnu/h-x86_64-mingw32/bin/../lib/gcc/nios2-elf/10.1.1/../../../../../H-x86_64-mingw32/nios2-elf/lib\libc.a(lib_a-findfp.o)
 .data          0x0000000008005d90        0x0 c:/intelfpga_lite/20.1/nios2eds/bin/gnu/h-x86_64-mingw32/bin/../lib/gcc/nios2-elf/10.1.1/../../../../../H-x86_64-mingw32/nios2-elf/lib\libc.a(lib_a-fvwrite.o)
 .data          0x0000000008005d90        0x0 c:/intelfpga_lite/20.1/nios2eds/bin/gnu/h-x86_64-mingw32/bin/../lib/gcc/nios2-elf/10.1.1/../../../../../H-x86_64-mingw32/nios2-elf/lib\libc.a(lib_a-fwalk.o)
 .data          0x0000000008005d90        0x0 c:/intelfpga_lite/20.1/nios2eds/bin/gnu/h-x86_64-mingw32/bin/../lib/gcc/nios2-elf/10.1.1/../../../../../H-x86_64-mingw32/nios2-elf/lib\libc.a(lib_a-mallocr.o)
 .data.__malloc_av_
                0x0000000008005d90      0x408 c:/intelfpga_lite/20.1/nios2eds/bin/gnu/h-x86_64-mingw32/bin/../lib/gcc/nios2-elf/10.1.1/../../../../../H-x86_64-mingw32/nios2-elf/lib\libc.a(lib_a-mallocr.o)
                0x0000000008005d90                __malloc_av_
 .data          0x0000000008006198        0x0 c:/intelfpga_lite/20.1/nios2eds/bin/gnu/h-x86_64-mingw32/bin/../lib/gcc/nios2-elf/10.1.1/../../../../../H-x86_64-mingw32/nios2-elf/lib\libc.a(lib_a-memchr.o)
 .data          0x0000000008006198        0x0 c:/intelfpga_lite/20.1/nios2eds/bin/gnu/h-x86_64-mingw32/bin/../lib/gcc/nios2-elf/10.1.1/../../../../../H-x86_64-mingw32/nios2-elf/lib\libc.a(lib_a-memcpy.o)
 .data          0x0000000008006198        0x0 c:/intelfpga_lite/20.1/nios2eds/bin/gnu/h-x86_64-mingw32/bin/../lib/gcc/nios2-elf/10.1.1/../../../../../H-x86_64-mingw32/nios2-elf/lib\libc.a(lib_a-memmove.o)
 .data          0x0000000008006198        0x0 c:/intelfpga_lite/20.1/nios2eds/bin/gnu/h-x86_64-mingw32/bin/../lib/gcc/nios2-elf/10.1.1/../../../../../H-x86_64-mingw32/nios2-elf/lib\libc.a(lib_a-memset.o)
 .data          0x0000000008006198        0x0 c:/intelfpga_lite/20.1/nios2eds/bin/gnu/h-x86_64-mingw32/bin/../lib/gcc/nios2-elf/10.1.1/../../../../../H-x86_64-mingw32/nios2-elf/lib\libc.a(lib_a-reallocr.o)
 .data          0x0000000008006198        0x0 c:/intelfpga_lite/20.1/nios2eds/bin/gnu/h-x86_64-mingw32/bin/../lib/gcc/nios2-elf/10.1.1/../../../../../H-x86_64-mingw32/nios2-elf/lib\libc.a(lib_a-sbrkr.o)
 .data          0x0000000008006198        0x0 c:/intelfpga_lite/20.1/nios2eds/bin/gnu/h-x86_64-mingw32/bin/../lib/gcc/nios2-elf/10.1.1/../../../../../H-x86_64-mingw32/nios2-elf/lib\libc.a(lib_a-stdio.o)
 .data          0x0000000008006198        0x0 c:/intelfpga_lite/20.1/nios2eds/bin/gnu/h-x86_64-mingw32/bin/../lib/gcc/nios2-elf/10.1.1/../../../../../H-x86_64-mingw32/nios2-elf/lib\libc.a(lib_a-writer.o)
 .data          0x0000000008006198        0x0 c:/intelfpga_lite/20.1/nios2eds/bin/gnu/h-x86_64-mingw32/bin/../lib/gcc/nios2-elf/10.1.1/../../../../../H-x86_64-mingw32/nios2-elf/lib\libc.a(lib_a-wsetup.o)
 .data          0x0000000008006198        0x0 c:/intelfpga_lite/20.1/nios2eds/bin/gnu/h-x86_64-mingw32/bin/../lib/gcc/nios2-elf/10.1.1/../../../../../H-x86_64-mingw32/nios2-elf/lib\libc.a(closer.o)
 .data          0x0000000008006198        0x0 c:/intelfpga_lite/20.1/nios2eds/bin/gnu/h-x86_64-mingw32/bin/../lib/gcc/nios2-elf/10.1.1/../../../../../H-x86_64-mingw32/nios2-elf/lib\libc.a(lib_a-fclose.o)
 .data          0x0000000008006198        0x0 c:/intelfpga_lite/20.1/nios2eds/bin/gnu/h-x86_64-mingw32/bin/../lib/gcc/nios2-elf/10.1.1/../../../../../H-x86_64-mingw32/nios2-elf/lib\libc.a(lib_a-fflush.o)
 .data          0x0000000008006198        0x0 c:/intelfpga_lite/20.1/nios2eds/bin/gnu/h-x86_64-mingw32/bin/../lib/gcc/nios2-elf/10.1.1/../../../../../H-x86_64-mingw32/nios2-elf/lib\libc.a(lib_a-freer.o)
 .data          0x0000000008006198        0x0 c:/intelfpga_lite/20.1/nios2eds/bin/gnu/h-x86_64-mingw32/bin/../lib/gcc/nios2-elf/10.1.1/../../../../../H-x86_64-mingw32/nios2-elf/lib\libc.a(lib_a-int_errno.o)
 .data          0x0000000008006198        0x0 c:/intelfpga_lite/20.1/nios2eds/bin/gnu/h-x86_64-mingw32/bin/../lib/gcc/nios2-elf/10.1.1/../../../../../H-x86_64-mingw32/nios2-elf/lib\libc.a(lib_a-lseekr.o)
 .data          0x0000000008006198        0x0 c:/intelfpga_lite/20.1/nios2eds/bin/gnu/h-x86_64-mingw32/bin/../lib/gcc/nios2-elf/10.1.1/../../../../../H-x86_64-mingw32/nios2-elf/lib\libc.a(lib_a-makebuf.o)
 .data          0x0000000008006198        0x0 c:/intelfpga_lite/20.1/nios2eds/bin/gnu/h-x86_64-mingw32/bin/../lib/gcc/nios2-elf/10.1.1/../../../../../H-x86_64-mingw32/nios2-elf/lib\libc.a(lib_a-readr.o)
 .data          0x0000000008006198        0x0 c:/intelfpga_lite/20.1/nios2eds/bin/gnu/h-x86_64-mingw32/bin/../lib/gcc/nios2-elf/10.1.1/../../../../../H-x86_64-mingw32/nios2-elf/lib\libc.a(lib_a-fstatr.o)
 .data          0x0000000008006198        0x0 c:/intelfpga_lite/20.1/nios2eds/bin/gnu/h-x86_64-mingw32/bin/../lib/gcc/nios2-elf/10.1.1/../../../../../H-x86_64-mingw32/nios2-elf/lib\libc.a(lib_a-isattyr.o)
 .data          0x0000000008006198        0x0 c:/intelfpga_lite/20.1/nios2eds/bin/gnu/h-x86_64-mingw32/bin/../lib/gcc/nios2-elf/10.1.1\libgcc.a(lib2-divmod.o)
 .data          0x0000000008006198        0x0 c:/Users/jguti/OneDrive/Desktop/Homework4/NEWTEST/software/Nios2_A_bsp/\libhal_bsp.a(alt_close.o)
 .data          0x0000000008006198      0x1a8 c:/Users/jguti/OneDrive/Desktop/Homework4/NEWTEST/software/Nios2_A_bsp/\libhal_bsp.a(alt_dev.o)
                0x0000000008006198                alt_dev_null
                0x00000000080061c0                alt_fd_list
 .data          0x0000000008006340        0x0 c:/Users/jguti/OneDrive/Desktop/Homework4/NEWTEST/software/Nios2_A_bsp/\libhal_bsp.a(alt_errno.o)
 .data          0x0000000008006340        0x0 c:/Users/jguti/OneDrive/Desktop/Homework4/NEWTEST/software/Nios2_A_bsp/\libhal_bsp.a(alt_fstat.o)
 .data          0x0000000008006340        0x0 c:/Users/jguti/OneDrive/Desktop/Homework4/NEWTEST/software/Nios2_A_bsp/\libhal_bsp.a(alt_isatty.o)
 .data          0x0000000008006340        0x0 c:/Users/jguti/OneDrive/Desktop/Homework4/NEWTEST/software/Nios2_A_bsp/\libhal_bsp.a(alt_load.o)
 .data          0x0000000008006340        0x0 c:/Users/jguti/OneDrive/Desktop/Homework4/NEWTEST/software/Nios2_A_bsp/\libhal_bsp.a(alt_lseek.o)
 .data          0x0000000008006340        0x0 c:/Users/jguti/OneDrive/Desktop/Homework4/NEWTEST/software/Nios2_A_bsp/\libhal_bsp.a(alt_main.o)
 .data          0x0000000008006340        0x0 c:/Users/jguti/OneDrive/Desktop/Homework4/NEWTEST/software/Nios2_A_bsp/\libhal_bsp.a(alt_malloc_lock.o)
 .data          0x0000000008006340        0x0 c:/Users/jguti/OneDrive/Desktop/Homework4/NEWTEST/software/Nios2_A_bsp/\libhal_bsp.a(alt_read.o)
 .data          0x0000000008006340        0x0 c:/Users/jguti/OneDrive/Desktop/Homework4/NEWTEST/software/Nios2_A_bsp/\libhal_bsp.a(alt_release_fd.o)
 .data          0x0000000008006340        0x0 c:/Users/jguti/OneDrive/Desktop/Homework4/NEWTEST/software/Nios2_A_bsp/\libhal_bsp.a(alt_sbrk.o)
 .data          0x0000000008006340        0x0 c:/Users/jguti/OneDrive/Desktop/Homework4/NEWTEST/software/Nios2_A_bsp/\libhal_bsp.a(alt_times.o)
 .data          0x0000000008006340        0x0 c:/Users/jguti/OneDrive/Desktop/Homework4/NEWTEST/software/Nios2_A_bsp/\libhal_bsp.a(alt_write.o)
 .data          0x0000000008006340     0x1060 c:/Users/jguti/OneDrive/Desktop/Homework4/NEWTEST/software/Nios2_A_bsp/\libhal_bsp.a(alt_sys_init.o)
 .data          0x00000000080073a0        0x0 c:/Users/jguti/OneDrive/Desktop/Homework4/NEWTEST/software/Nios2_A_bsp/\libhal_bsp.a(altera_avalon_jtag_uart_fd.o)
 .data          0x00000000080073a0        0x0 c:/Users/jguti/OneDrive/Desktop/Homework4/NEWTEST/software/Nios2_A_bsp/\libhal_bsp.a(altera_avalon_jtag_uart_init.o)
 .data          0x00000000080073a0        0x0 c:/Users/jguti/OneDrive/Desktop/Homework4/NEWTEST/software/Nios2_A_bsp/\libhal_bsp.a(altera_avalon_jtag_uart_ioctl.o)
 .data          0x00000000080073a0        0x0 c:/Users/jguti/OneDrive/Desktop/Homework4/NEWTEST/software/Nios2_A_bsp/\libhal_bsp.a(altera_avalon_jtag_uart_read.o)
 .data          0x00000000080073a0        0x0 c:/Users/jguti/OneDrive/Desktop/Homework4/NEWTEST/software/Nios2_A_bsp/\libhal_bsp.a(altera_avalon_jtag_uart_write.o)
 .data          0x00000000080073a0        0x0 c:/Users/jguti/OneDrive/Desktop/Homework4/NEWTEST/software/Nios2_A_bsp/\libhal_bsp.a(altera_avalon_timer_sc.o)
 .data          0x00000000080073a0        0x0 c:/Users/jguti/OneDrive/Desktop/Homework4/NEWTEST/software/Nios2_A_bsp/\libhal_bsp.a(alt_alarm_start.o)
 .data          0x00000000080073a0        0x0 c:/Users/jguti/OneDrive/Desktop/Homework4/NEWTEST/software/Nios2_A_bsp/\libhal_bsp.a(alt_dcache_flush_all.o)
 .data          0x00000000080073a0        0x0 c:/Users/jguti/OneDrive/Desktop/Homework4/NEWTEST/software/Nios2_A_bsp/\libhal_bsp.a(alt_dev_llist_insert.o)
 .data          0x00000000080073a0        0x0 c:/Users/jguti/OneDrive/Desktop/Homework4/NEWTEST/software/Nios2_A_bsp/\libhal_bsp.a(alt_do_ctors.o)
 .data          0x00000000080073a0        0x0 c:/Users/jguti/OneDrive/Desktop/Homework4/NEWTEST/software/Nios2_A_bsp/\libhal_bsp.a(alt_do_dtors.o)
 .data          0x00000000080073a0        0x0 c:/Users/jguti/OneDrive/Desktop/Homework4/NEWTEST/software/Nios2_A_bsp/\libhal_bsp.a(alt_icache_flush_all.o)
 .data          0x00000000080073a0        0x0 c:/Users/jguti/OneDrive/Desktop/Homework4/NEWTEST/software/Nios2_A_bsp/\libhal_bsp.a(alt_iic.o)
 .data          0x00000000080073a0        0x0 c:/Users/jguti/OneDrive/Desktop/Homework4/NEWTEST/software/Nios2_A_bsp/\libhal_bsp.a(alt_iic_isr_register.o)
 .data          0x00000000080073a0        0x0 c:/Users/jguti/OneDrive/Desktop/Homework4/NEWTEST/software/Nios2_A_bsp/\libhal_bsp.a(alt_io_redirect.o)
 .data          0x00000000080073a0        0x0 c:/Users/jguti/OneDrive/Desktop/Homework4/NEWTEST/software/Nios2_A_bsp/\libhal_bsp.a(alt_irq_entry.o)
 .data          0x00000000080073a0        0x0 c:/Users/jguti/OneDrive/Desktop/Homework4/NEWTEST/software/Nios2_A_bsp/\libhal_bsp.a(alt_irq_handler.o)
 .data          0x00000000080073a0        0x0 c:/Users/jguti/OneDrive/Desktop/Homework4/NEWTEST/software/Nios2_A_bsp/\libhal_bsp.a(alt_irq_vars.o)
 .data          0x00000000080073a0        0x0 c:/Users/jguti/OneDrive/Desktop/Homework4/NEWTEST/software/Nios2_A_bsp/\libhal_bsp.a(alt_open.o)
 .data          0x00000000080073a0        0x0 c:/Users/jguti/OneDrive/Desktop/Homework4/NEWTEST/software/Nios2_A_bsp/\libhal_bsp.a(alt_tick.o)
 .data          0x00000000080073a0        0x0 c:/Users/jguti/OneDrive/Desktop/Homework4/NEWTEST/software/Nios2_A_bsp/\libhal_bsp.a(altera_nios2_gen2_irq.o)
 .data          0x00000000080073a0        0x0 c:/Users/jguti/OneDrive/Desktop/Homework4/NEWTEST/software/Nios2_A_bsp/\libhal_bsp.a(alt_exception_entry.o)
 .data          0x00000000080073a0        0x0 c:/Users/jguti/OneDrive/Desktop/Homework4/NEWTEST/software/Nios2_A_bsp/\libhal_bsp.a(alt_find_dev.o)
 .data          0x00000000080073a0        0x0 c:/Users/jguti/OneDrive/Desktop/Homework4/NEWTEST/software/Nios2_A_bsp/\libhal_bsp.a(alt_find_file.o)
 .data          0x00000000080073a0        0x0 c:/Users/jguti/OneDrive/Desktop/Homework4/NEWTEST/software/Nios2_A_bsp/\libhal_bsp.a(alt_get_fd.o)
 .data          0x00000000080073a0        0x0 c:/Users/jguti/OneDrive/Desktop/Homework4/NEWTEST/software/Nios2_A_bsp/\libhal_bsp.a(alt_icache_flush.o)
 .data          0x00000000080073a0        0x0 c:/Users/jguti/OneDrive/Desktop/Homework4/NEWTEST/software/Nios2_A_bsp/\libhal_bsp.a(alt_instruction_exception_entry.o)
 .data          0x00000000080073a0        0x0 c:/intelfpga_lite/20.1/nios2eds/bin/gnu/h-x86_64-mingw32/bin/../lib/gcc/nios2-elf/10.1.1/../../../../../H-x86_64-mingw32/nios2-elf/lib\libc.a(lib_a-atexit.o)
 .data          0x00000000080073a0        0x0 c:/intelfpga_lite/20.1/nios2eds/bin/gnu/h-x86_64-mingw32/bin/../lib/gcc/nios2-elf/10.1.1/../../../../../H-x86_64-mingw32/nios2-elf/lib\libc.a(lib_a-exit.o)
 .data          0x00000000080073a0        0x0 c:/intelfpga_lite/20.1/nios2eds/bin/gnu/h-x86_64-mingw32/bin/../lib/gcc/nios2-elf/10.1.1/../../../../../H-x86_64-mingw32/nios2-elf/lib\libc.a(lib_a-memcmp.o)
 .data          0x00000000080073a0        0x0 c:/intelfpga_lite/20.1/nios2eds/bin/gnu/h-x86_64-mingw32/bin/../lib/gcc/nios2-elf/10.1.1/../../../../../H-x86_64-mingw32/nios2-elf/lib\libc.a(lib_a-__atexit.o)
 .data          0x00000000080073a0        0x0 c:/intelfpga_lite/20.1/nios2eds/bin/gnu/h-x86_64-mingw32/bin/../lib/gcc/nios2-elf/10.1.1/../../../../../H-x86_64-mingw32/nios2-elf/lib\libc.a(lib_a-__call_atexit.o)
 .data          0x00000000080073a0        0x0 c:/Users/jguti/OneDrive/Desktop/Homework4/NEWTEST/software/Nios2_A_bsp/\libhal_bsp.a(alt_exit.o)
                0x000000000800f3a0                _gp = ABSOLUTE ((. + 0x8000))
                [!provide]                        PROVIDE (gp = _gp)
 *(.rwdata .rwdata.*)
 *(.sdata .sdata.* .gnu.linkonce.s.*)
 .sdata._global_impure_ptr
                0x00000000080073a0        0x4 c:/intelfpga_lite/20.1/nios2eds/bin/gnu/h-x86_64-mingw32/bin/../lib/gcc/nios2-elf/10.1.1/../../../../../H-x86_64-mingw32/nios2-elf/lib\libc.a(lib_a-impure.o)
                0x00000000080073a0                _global_impure_ptr
 .sdata._impure_ptr
                0x00000000080073a4        0x4 c:/intelfpga_lite/20.1/nios2eds/bin/gnu/h-x86_64-mingw32/bin/../lib/gcc/nios2-elf/10.1.1/../../../../../H-x86_64-mingw32/nios2-elf/lib\libc.a(lib_a-impure.o)
                0x00000000080073a4                _impure_ptr
 .sdata.__malloc_sbrk_base
                0x00000000080073a8        0x4 c:/intelfpga_lite/20.1/nios2eds/bin/gnu/h-x86_64-mingw32/bin/../lib/gcc/nios2-elf/10.1.1/../../../../../H-x86_64-mingw32/nios2-elf/lib\libc.a(lib_a-mallocr.o)
                0x00000000080073a8                __malloc_sbrk_base
 .sdata.__malloc_trim_threshold
                0x00000000080073ac        0x4 c:/intelfpga_lite/20.1/nios2eds/bin/gnu/h-x86_64-mingw32/bin/../lib/gcc/nios2-elf/10.1.1/../../../../../H-x86_64-mingw32/nios2-elf/lib\libc.a(lib_a-mallocr.o)
                0x00000000080073ac                __malloc_trim_threshold
 .sdata         0x00000000080073b0       0x14 c:/Users/jguti/OneDrive/Desktop/Homework4/NEWTEST/software/Nios2_A_bsp/\libhal_bsp.a(alt_dev.o)
                0x00000000080073b0                alt_fs_list
                0x00000000080073b8                alt_dev_list
                0x00000000080073c0                alt_max_fd
 .sdata         0x00000000080073c4        0x4 c:/Users/jguti/OneDrive/Desktop/Homework4/NEWTEST/software/Nios2_A_bsp/\libhal_bsp.a(alt_errno.o)
                0x00000000080073c4                alt_errno
 .sdata         0x00000000080073c8        0x4 c:/Users/jguti/OneDrive/Desktop/Homework4/NEWTEST/software/Nios2_A_bsp/\libhal_bsp.a(alt_sbrk.o)
 .sdata         0x00000000080073cc        0x4 c:/Users/jguti/OneDrive/Desktop/Homework4/NEWTEST/software/Nios2_A_bsp/\libhal_bsp.a(alt_irq_vars.o)
                0x00000000080073cc                alt_priority_mask
 .sdata         0x00000000080073d0        0x8 c:/Users/jguti/OneDrive/Desktop/Homework4/NEWTEST/software/Nios2_A_bsp/\libhal_bsp.a(alt_tick.o)
                0x00000000080073d0                alt_alarm_list
 *(.sdata2 .sdata2.* .gnu.linkonce.s2.*)
                0x00000000080073d8                . = ALIGN (0x4)
                0x00000000080073d8                _edata = ABSOLUTE (.)
                [!provide]                        PROVIDE (edata = ABSOLUTE (.))
                0x00000000080073d8                PROVIDE (__ram_rwdata_end = ABSOLUTE (.))
                0x00000000080073d8                PROVIDE (__flash_rwdata_start = LOADADDR (.rwdata))

.bss            0x0000000008008e44      0x154
                0x0000000008008e44                __bss_start = ABSOLUTE (.)
                [!provide]                        PROVIDE (__sbss_start = ABSOLUTE (.))
                [!provide]                        PROVIDE (___sbss_start = ABSOLUTE (.))
 *(.dynsbss)
 *(.sbss .sbss.* .gnu.linkonce.sb.*)
 .sbss.__malloc_max_total_mem
                0x0000000008008e44        0x4 c:/intelfpga_lite/20.1/nios2eds/bin/gnu/h-x86_64-mingw32/bin/../lib/gcc/nios2-elf/10.1.1/../../../../../H-x86_64-mingw32/nios2-elf/lib\libc.a(lib_a-mallocr.o)
                0x0000000008008e44                __malloc_max_total_mem
 .sbss.__malloc_max_sbrked_mem
                0x0000000008008e48        0x4 c:/intelfpga_lite/20.1/nios2eds/bin/gnu/h-x86_64-mingw32/bin/../lib/gcc/nios2-elf/10.1.1/../../../../../H-x86_64-mingw32/nios2-elf/lib\libc.a(lib_a-mallocr.o)
                0x0000000008008e48                __malloc_max_sbrked_mem
 .sbss.__malloc_top_pad
                0x0000000008008e4c        0x4 c:/intelfpga_lite/20.1/nios2eds/bin/gnu/h-x86_64-mingw32/bin/../lib/gcc/nios2-elf/10.1.1/../../../../../H-x86_64-mingw32/nios2-elf/lib\libc.a(lib_a-mallocr.o)
                0x0000000008008e4c                __malloc_top_pad
 .sbss.errno    0x0000000008008e50        0x4 c:/intelfpga_lite/20.1/nios2eds/bin/gnu/h-x86_64-mingw32/bin/../lib/gcc/nios2-elf/10.1.1/../../../../../H-x86_64-mingw32/nios2-elf/lib\libc.a(lib_a-int_errno.o)
                0x0000000008008e50                errno
 .sbss          0x0000000008008e54        0xc c:/Users/jguti/OneDrive/Desktop/Homework4/NEWTEST/software/Nios2_A_bsp/\libhal_bsp.a(alt_main.o)
                0x0000000008008e54                alt_argc
                0x0000000008008e58                alt_argv
                0x0000000008008e5c                alt_envp
 .sbss          0x0000000008008e60        0x4 c:/Users/jguti/OneDrive/Desktop/Homework4/NEWTEST/software/Nios2_A_bsp/\libhal_bsp.a(alt_irq_vars.o)
                0x0000000008008e60                alt_irq_active
 .sbss          0x0000000008008e64        0x8 c:/Users/jguti/OneDrive/Desktop/Homework4/NEWTEST/software/Nios2_A_bsp/\libhal_bsp.a(alt_tick.o)
                0x0000000008008e64                _alt_tick_rate
                0x0000000008008e68                _alt_nticks
 .sbss          0x0000000008008e6c        0x4 c:/Users/jguti/OneDrive/Desktop/Homework4/NEWTEST/software/Nios2_A_bsp/\libhal_bsp.a(alt_instruction_exception_entry.o)
                0x0000000008008e6c                alt_instruction_exception_handler
 *(.sbss2 .sbss2.* .gnu.linkonce.sb2.*)
 *(.scommon)
                [!provide]                        PROVIDE (__sbss_end = ABSOLUTE (.))
                [!provide]                        PROVIDE (___sbss_end = ABSOLUTE (.))
 *(.dynbss)
 *(.bss .bss.* .gnu.linkonce.b.*)
 .bss           0x0000000008008e70        0x0 c:/Users/jguti/OneDrive/Desktop/Homework4/NEWTEST/software/Nios2_A_bsp//obj/HAL/src/crt0.o
 .bss           0x0000000008008e70        0x0 obj/default/hello_world.o
 .bss           0x0000000008008e70        0x0 c:/intelfpga_lite/20.1/nios2eds/bin/gnu/h-x86_64-mingw32/bin/../lib/gcc/nios2-elf/10.1.1/../../../../../H-x86_64-mingw32/nios2-elf/lib\libc.a(lib_a-clock.o)
 .bss           0x0000000008008e70        0x0 c:/intelfpga_lite/20.1/nios2eds/bin/gnu/h-x86_64-mingw32/bin/../lib/gcc/nios2-elf/10.1.1/../../../../../H-x86_64-mingw32/nios2-elf/lib\libc.a(lib_a-impure.o)
 .bss           0x0000000008008e70        0x0 c:/intelfpga_lite/20.1/nios2eds/bin/gnu/h-x86_64-mingw32/bin/../lib/gcc/nios2-elf/10.1.1/../../../../../H-x86_64-mingw32/nios2-elf/lib\libc.a(lib_a-puts.o)
 .bss           0x0000000008008e70        0x0 c:/intelfpga_lite/20.1/nios2eds/bin/gnu/h-x86_64-mingw32/bin/../lib/gcc/nios2-elf/10.1.1/../../../../../H-x86_64-mingw32/nios2-elf/lib\libc.a(lib_a-strlen.o)
 .bss           0x0000000008008e70        0x0 c:/intelfpga_lite/20.1/nios2eds/bin/gnu/h-x86_64-mingw32/bin/../lib/gcc/nios2-elf/10.1.1/../../../../../H-x86_64-mingw32/nios2-elf/lib\libc.a(lib_a-timesr.o)
 .bss           0x0000000008008e70        0x0 c:/intelfpga_lite/20.1/nios2eds/bin/gnu/h-x86_64-mingw32/bin/../lib/gcc/nios2-elf/10.1.1/../../../../../H-x86_64-mingw32/nios2-elf/lib\libc.a(lib_a-findfp.o)
 .bss           0x0000000008008e70        0x0 c:/intelfpga_lite/20.1/nios2eds/bin/gnu/h-x86_64-mingw32/bin/../lib/gcc/nios2-elf/10.1.1/../../../../../H-x86_64-mingw32/nios2-elf/lib\libc.a(lib_a-fvwrite.o)
 .bss           0x0000000008008e70        0x0 c:/intelfpga_lite/20.1/nios2eds/bin/gnu/h-x86_64-mingw32/bin/../lib/gcc/nios2-elf/10.1.1/../../../../../H-x86_64-mingw32/nios2-elf/lib\libc.a(lib_a-fwalk.o)
 .bss           0x0000000008008e70        0x0 c:/intelfpga_lite/20.1/nios2eds/bin/gnu/h-x86_64-mingw32/bin/../lib/gcc/nios2-elf/10.1.1/../../../../../H-x86_64-mingw32/nios2-elf/lib\libc.a(lib_a-mallocr.o)
 .bss.__malloc_current_mallinfo
                0x0000000008008e70       0x28 c:/intelfpga_lite/20.1/nios2eds/bin/gnu/h-x86_64-mingw32/bin/../lib/gcc/nios2-elf/10.1.1/../../../../../H-x86_64-mingw32/nios2-elf/lib\libc.a(lib_a-mallocr.o)
                0x0000000008008e70                __malloc_current_mallinfo
 .bss           0x0000000008008e98        0x0 c:/intelfpga_lite/20.1/nios2eds/bin/gnu/h-x86_64-mingw32/bin/../lib/gcc/nios2-elf/10.1.1/../../../../../H-x86_64-mingw32/nios2-elf/lib\libc.a(lib_a-memchr.o)
 .bss           0x0000000008008e98        0x0 c:/intelfpga_lite/20.1/nios2eds/bin/gnu/h-x86_64-mingw32/bin/../lib/gcc/nios2-elf/10.1.1/../../../../../H-x86_64-mingw32/nios2-elf/lib\libc.a(lib_a-memcpy.o)
 .bss           0x0000000008008e98        0x0 c:/intelfpga_lite/20.1/nios2eds/bin/gnu/h-x86_64-mingw32/bin/../lib/gcc/nios2-elf/10.1.1/../../../../../H-x86_64-mingw32/nios2-elf/lib\libc.a(lib_a-memmove.o)
 .bss           0x0000000008008e98        0x0 c:/intelfpga_lite/20.1/nios2eds/bin/gnu/h-x86_64-mingw32/bin/../lib/gcc/nios2-elf/10.1.1/../../../../../H-x86_64-mingw32/nios2-elf/lib\libc.a(lib_a-memset.o)
 .bss           0x0000000008008e98        0x0 c:/intelfpga_lite/20.1/nios2eds/bin/gnu/h-x86_64-mingw32/bin/../lib/gcc/nios2-elf/10.1.1/../../../../../H-x86_64-mingw32/nios2-elf/lib\libc.a(lib_a-reallocr.o)
 .bss           0x0000000008008e98        0x0 c:/intelfpga_lite/20.1/nios2eds/bin/gnu/h-x86_64-mingw32/bin/../lib/gcc/nios2-elf/10.1.1/../../../../../H-x86_64-mingw32/nios2-elf/lib\libc.a(lib_a-sbrkr.o)
 .bss           0x0000000008008e98        0x0 c:/intelfpga_lite/20.1/nios2eds/bin/gnu/h-x86_64-mingw32/bin/../lib/gcc/nios2-elf/10.1.1/../../../../../H-x86_64-mingw32/nios2-elf/lib\libc.a(lib_a-stdio.o)
 .bss           0x0000000008008e98        0x0 c:/intelfpga_lite/20.1/nios2eds/bin/gnu/h-x86_64-mingw32/bin/../lib/gcc/nios2-elf/10.1.1/../../../../../H-x86_64-mingw32/nios2-elf/lib\libc.a(lib_a-writer.o)
 .bss           0x0000000008008e98        0x0 c:/intelfpga_lite/20.1/nios2eds/bin/gnu/h-x86_64-mingw32/bin/../lib/gcc/nios2-elf/10.1.1/../../../../../H-x86_64-mingw32/nios2-elf/lib\libc.a(lib_a-wsetup.o)
 .bss           0x0000000008008e98        0x0 c:/intelfpga_lite/20.1/nios2eds/bin/gnu/h-x86_64-mingw32/bin/../lib/gcc/nios2-elf/10.1.1/../../../../../H-x86_64-mingw32/nios2-elf/lib\libc.a(closer.o)
 .bss           0x0000000008008e98        0x0 c:/intelfpga_lite/20.1/nios2eds/bin/gnu/h-x86_64-mingw32/bin/../lib/gcc/nios2-elf/10.1.1/../../../../../H-x86_64-mingw32/nios2-elf/lib\libc.a(lib_a-fclose.o)
 .bss           0x0000000008008e98        0x0 c:/intelfpga_lite/20.1/nios2eds/bin/gnu/h-x86_64-mingw32/bin/../lib/gcc/nios2-elf/10.1.1/../../../../../H-x86_64-mingw32/nios2-elf/lib\libc.a(lib_a-fflush.o)
 .bss           0x0000000008008e98        0x0 c:/intelfpga_lite/20.1/nios2eds/bin/gnu/h-x86_64-mingw32/bin/../lib/gcc/nios2-elf/10.1.1/../../../../../H-x86_64-mingw32/nios2-elf/lib\libc.a(lib_a-freer.o)
 .bss           0x0000000008008e98        0x0 c:/intelfpga_lite/20.1/nios2eds/bin/gnu/h-x86_64-mingw32/bin/../lib/gcc/nios2-elf/10.1.1/../../../../../H-x86_64-mingw32/nios2-elf/lib\libc.a(lib_a-int_errno.o)
 .bss           0x0000000008008e98        0x0 c:/intelfpga_lite/20.1/nios2eds/bin/gnu/h-x86_64-mingw32/bin/../lib/gcc/nios2-elf/10.1.1/../../../../../H-x86_64-mingw32/nios2-elf/lib\libc.a(lib_a-lseekr.o)
 .bss           0x0000000008008e98        0x0 c:/intelfpga_lite/20.1/nios2eds/bin/gnu/h-x86_64-mingw32/bin/../lib/gcc/nios2-elf/10.1.1/../../../../../H-x86_64-mingw32/nios2-elf/lib\libc.a(lib_a-makebuf.o)
 .bss           0x0000000008008e98        0x0 c:/intelfpga_lite/20.1/nios2eds/bin/gnu/h-x86_64-mingw32/bin/../lib/gcc/nios2-elf/10.1.1/../../../../../H-x86_64-mingw32/nios2-elf/lib\libc.a(lib_a-readr.o)
 .bss           0x0000000008008e98        0x0 c:/intelfpga_lite/20.1/nios2eds/bin/gnu/h-x86_64-mingw32/bin/../lib/gcc/nios2-elf/10.1.1/../../../../../H-x86_64-mingw32/nios2-elf/lib\libc.a(lib_a-fstatr.o)
 .bss           0x0000000008008e98        0x0 c:/intelfpga_lite/20.1/nios2eds/bin/gnu/h-x86_64-mingw32/bin/../lib/gcc/nios2-elf/10.1.1/../../../../../H-x86_64-mingw32/nios2-elf/lib\libc.a(lib_a-isattyr.o)
 .bss           0x0000000008008e98        0x0 c:/intelfpga_lite/20.1/nios2eds/bin/gnu/h-x86_64-mingw32/bin/../lib/gcc/nios2-elf/10.1.1\libgcc.a(lib2-divmod.o)
 .bss           0x0000000008008e98        0x0 c:/Users/jguti/OneDrive/Desktop/Homework4/NEWTEST/software/Nios2_A_bsp/\libhal_bsp.a(alt_close.o)
 .bss           0x0000000008008e98        0x0 c:/Users/jguti/OneDrive/Desktop/Homework4/NEWTEST/software/Nios2_A_bsp/\libhal_bsp.a(alt_dev.o)
 .bss           0x0000000008008e98        0x0 c:/Users/jguti/OneDrive/Desktop/Homework4/NEWTEST/software/Nios2_A_bsp/\libhal_bsp.a(alt_errno.o)
 .bss           0x0000000008008e98        0x0 c:/Users/jguti/OneDrive/Desktop/Homework4/NEWTEST/software/Nios2_A_bsp/\libhal_bsp.a(alt_fstat.o)
 .bss           0x0000000008008e98        0x0 c:/Users/jguti/OneDrive/Desktop/Homework4/NEWTEST/software/Nios2_A_bsp/\libhal_bsp.a(alt_isatty.o)
 .bss           0x0000000008008e98        0x0 c:/Users/jguti/OneDrive/Desktop/Homework4/NEWTEST/software/Nios2_A_bsp/\libhal_bsp.a(alt_load.o)
 .bss           0x0000000008008e98        0x0 c:/Users/jguti/OneDrive/Desktop/Homework4/NEWTEST/software/Nios2_A_bsp/\libhal_bsp.a(alt_lseek.o)
 .bss           0x0000000008008e98        0x0 c:/Users/jguti/OneDrive/Desktop/Homework4/NEWTEST/software/Nios2_A_bsp/\libhal_bsp.a(alt_main.o)
 .bss           0x0000000008008e98        0x0 c:/Users/jguti/OneDrive/Desktop/Homework4/NEWTEST/software/Nios2_A_bsp/\libhal_bsp.a(alt_malloc_lock.o)
 .bss           0x0000000008008e98        0x0 c:/Users/jguti/OneDrive/Desktop/Homework4/NEWTEST/software/Nios2_A_bsp/\libhal_bsp.a(alt_read.o)
 .bss           0x0000000008008e98        0x0 c:/Users/jguti/OneDrive/Desktop/Homework4/NEWTEST/software/Nios2_A_bsp/\libhal_bsp.a(alt_release_fd.o)
 .bss           0x0000000008008e98        0x0 c:/Users/jguti/OneDrive/Desktop/Homework4/NEWTEST/software/Nios2_A_bsp/\libhal_bsp.a(alt_sbrk.o)
 .bss           0x0000000008008e98        0x0 c:/Users/jguti/OneDrive/Desktop/Homework4/NEWTEST/software/Nios2_A_bsp/\libhal_bsp.a(alt_times.o)
 .bss           0x0000000008008e98        0x0 c:/Users/jguti/OneDrive/Desktop/Homework4/NEWTEST/software/Nios2_A_bsp/\libhal_bsp.a(alt_write.o)
 .bss           0x0000000008008e98        0x0 c:/Users/jguti/OneDrive/Desktop/Homework4/NEWTEST/software/Nios2_A_bsp/\libhal_bsp.a(alt_sys_init.o)
 .bss           0x0000000008008e98        0x0 c:/Users/jguti/OneDrive/Desktop/Homework4/NEWTEST/software/Nios2_A_bsp/\libhal_bsp.a(altera_avalon_jtag_uart_fd.o)
 .bss           0x0000000008008e98        0x0 c:/Users/jguti/OneDrive/Desktop/Homework4/NEWTEST/software/Nios2_A_bsp/\libhal_bsp.a(altera_avalon_jtag_uart_init.o)
 .bss           0x0000000008008e98        0x0 c:/Users/jguti/OneDrive/Desktop/Homework4/NEWTEST/software/Nios2_A_bsp/\libhal_bsp.a(altera_avalon_jtag_uart_ioctl.o)
 .bss           0x0000000008008e98        0x0 c:/Users/jguti/OneDrive/Desktop/Homework4/NEWTEST/software/Nios2_A_bsp/\libhal_bsp.a(altera_avalon_jtag_uart_read.o)
 .bss           0x0000000008008e98        0x0 c:/Users/jguti/OneDrive/Desktop/Homework4/NEWTEST/software/Nios2_A_bsp/\libhal_bsp.a(altera_avalon_jtag_uart_write.o)
 .bss           0x0000000008008e98        0x0 c:/Users/jguti/OneDrive/Desktop/Homework4/NEWTEST/software/Nios2_A_bsp/\libhal_bsp.a(altera_avalon_timer_sc.o)
 .bss           0x0000000008008e98        0x0 c:/Users/jguti/OneDrive/Desktop/Homework4/NEWTEST/software/Nios2_A_bsp/\libhal_bsp.a(alt_alarm_start.o)
 .bss           0x0000000008008e98        0x0 c:/Users/jguti/OneDrive/Desktop/Homework4/NEWTEST/software/Nios2_A_bsp/\libhal_bsp.a(alt_dcache_flush_all.o)
 .bss           0x0000000008008e98        0x0 c:/Users/jguti/OneDrive/Desktop/Homework4/NEWTEST/software/Nios2_A_bsp/\libhal_bsp.a(alt_dev_llist_insert.o)
 .bss           0x0000000008008e98        0x0 c:/Users/jguti/OneDrive/Desktop/Homework4/NEWTEST/software/Nios2_A_bsp/\libhal_bsp.a(alt_do_ctors.o)
 .bss           0x0000000008008e98        0x0 c:/Users/jguti/OneDrive/Desktop/Homework4/NEWTEST/software/Nios2_A_bsp/\libhal_bsp.a(alt_do_dtors.o)
 .bss           0x0000000008008e98        0x0 c:/Users/jguti/OneDrive/Desktop/Homework4/NEWTEST/software/Nios2_A_bsp/\libhal_bsp.a(alt_icache_flush_all.o)
 .bss           0x0000000008008e98        0x0 c:/Users/jguti/OneDrive/Desktop/Homework4/NEWTEST/software/Nios2_A_bsp/\libhal_bsp.a(alt_iic.o)
 .bss           0x0000000008008e98        0x0 c:/Users/jguti/OneDrive/Desktop/Homework4/NEWTEST/software/Nios2_A_bsp/\libhal_bsp.a(alt_iic_isr_register.o)
 .bss           0x0000000008008e98        0x0 c:/Users/jguti/OneDrive/Desktop/Homework4/NEWTEST/software/Nios2_A_bsp/\libhal_bsp.a(alt_io_redirect.o)
 .bss           0x0000000008008e98        0x0 c:/Users/jguti/OneDrive/Desktop/Homework4/NEWTEST/software/Nios2_A_bsp/\libhal_bsp.a(alt_irq_entry.o)
 .bss           0x0000000008008e98      0x100 c:/Users/jguti/OneDrive/Desktop/Homework4/NEWTEST/software/Nios2_A_bsp/\libhal_bsp.a(alt_irq_handler.o)
                0x0000000008008e98                alt_irq
 .bss           0x0000000008008f98        0x0 c:/Users/jguti/OneDrive/Desktop/Homework4/NEWTEST/software/Nios2_A_bsp/\libhal_bsp.a(alt_irq_vars.o)
 .bss           0x0000000008008f98        0x0 c:/Users/jguti/OneDrive/Desktop/Homework4/NEWTEST/software/Nios2_A_bsp/\libhal_bsp.a(alt_open.o)
 .bss           0x0000000008008f98        0x0 c:/Users/jguti/OneDrive/Desktop/Homework4/NEWTEST/software/Nios2_A_bsp/\libhal_bsp.a(alt_tick.o)
 .bss           0x0000000008008f98        0x0 c:/Users/jguti/OneDrive/Desktop/Homework4/NEWTEST/software/Nios2_A_bsp/\libhal_bsp.a(altera_nios2_gen2_irq.o)
 .bss           0x0000000008008f98        0x0 c:/Users/jguti/OneDrive/Desktop/Homework4/NEWTEST/software/Nios2_A_bsp/\libhal_bsp.a(alt_exception_entry.o)
 .bss           0x0000000008008f98        0x0 c:/Users/jguti/OneDrive/Desktop/Homework4/NEWTEST/software/Nios2_A_bsp/\libhal_bsp.a(alt_find_dev.o)
 .bss           0x0000000008008f98        0x0 c:/Users/jguti/OneDrive/Desktop/Homework4/NEWTEST/software/Nios2_A_bsp/\libhal_bsp.a(alt_find_file.o)
 .bss           0x0000000008008f98        0x0 c:/Users/jguti/OneDrive/Desktop/Homework4/NEWTEST/software/Nios2_A_bsp/\libhal_bsp.a(alt_get_fd.o)
 .bss           0x0000000008008f98        0x0 c:/Users/jguti/OneDrive/Desktop/Homework4/NEWTEST/software/Nios2_A_bsp/\libhal_bsp.a(alt_icache_flush.o)
 .bss           0x0000000008008f98        0x0 c:/Users/jguti/OneDrive/Desktop/Homework4/NEWTEST/software/Nios2_A_bsp/\libhal_bsp.a(alt_instruction_exception_entry.o)
 .bss           0x0000000008008f98        0x0 c:/intelfpga_lite/20.1/nios2eds/bin/gnu/h-x86_64-mingw32/bin/../lib/gcc/nios2-elf/10.1.1/../../../../../H-x86_64-mingw32/nios2-elf/lib\libc.a(lib_a-atexit.o)
 .bss           0x0000000008008f98        0x0 c:/intelfpga_lite/20.1/nios2eds/bin/gnu/h-x86_64-mingw32/bin/../lib/gcc/nios2-elf/10.1.1/../../../../../H-x86_64-mingw32/nios2-elf/lib\libc.a(lib_a-exit.o)
 .bss           0x0000000008008f98        0x0 c:/intelfpga_lite/20.1/nios2eds/bin/gnu/h-x86_64-mingw32/bin/../lib/gcc/nios2-elf/10.1.1/../../../../../H-x86_64-mingw32/nios2-elf/lib\libc.a(lib_a-memcmp.o)
 .bss           0x0000000008008f98        0x0 c:/intelfpga_lite/20.1/nios2eds/bin/gnu/h-x86_64-mingw32/bin/../lib/gcc/nios2-elf/10.1.1/../../../../../H-x86_64-mingw32/nios2-elf/lib\libc.a(lib_a-__atexit.o)
 .bss           0x0000000008008f98        0x0 c:/intelfpga_lite/20.1/nios2eds/bin/gnu/h-x86_64-mingw32/bin/../lib/gcc/nios2-elf/10.1.1/../../../../../H-x86_64-mingw32/nios2-elf/lib\libc.a(lib_a-__call_atexit.o)
 .bss           0x0000000008008f98        0x0 c:/Users/jguti/OneDrive/Desktop/Homework4/NEWTEST/software/Nios2_A_bsp/\libhal_bsp.a(alt_exit.o)
 *(COMMON)
                0x0000000008008f98                . = ALIGN (0x4)
                0x0000000008008f98                __bss_end = ABSOLUTE (.)

.Nios2_A_sdram  0x0000000008008f98        0x0
                [!provide]                        PROVIDE (_alt_partition_Nios2_A_sdram_start = ABSOLUTE (.))
 *(.Nios2_A_sdram .Nios2_A_sdram. Nios2_A_sdram.*)
                0x0000000008008f98                . = ALIGN (0x4)
                [!provide]                        PROVIDE (_alt_partition_Nios2_A_sdram_end = ABSOLUTE (.))
                0x0000000008008f98                _end = ABSOLUTE (.)
                0x0000000008008f98                end = ABSOLUTE (.)
                0x0000000008008f98                __alt_stack_base = ABSOLUTE (.)
                [!provide]                        PROVIDE (_alt_partition_Nios2_A_sdram_load_addr = LOADADDR (.Nios2_A_sdram))

.stab
 *(.stab)

.stabstr
 *(.stabstr)

.stab.excl
 *(.stab.excl)

.stab.exclstr
 *(.stab.exclstr)

.stab.index
 *(.stab.index)

.stab.indexstr
 *(.stab.indexstr)

.comment        0x0000000000000000       0x2d
 *(.comment)
 .comment       0x0000000000000000       0x2d obj/default/hello_world.o
                                         0x2e (size before relaxing)
 .comment       0x000000000000002d       0x2e c:/intelfpga_lite/20.1/nios2eds/bin/gnu/h-x86_64-mingw32/bin/../lib/gcc/nios2-elf/10.1.1/../../../../../H-x86_64-mingw32/nios2-elf/lib\libc.a(lib_a-clock.o)
 .comment       0x000000000000002d       0x2e c:/intelfpga_lite/20.1/nios2eds/bin/gnu/h-x86_64-mingw32/bin/../lib/gcc/nios2-elf/10.1.1/../../../../../H-x86_64-mingw32/nios2-elf/lib\libc.a(lib_a-impure.o)
 .comment       0x000000000000002d       0x2e c:/intelfpga_lite/20.1/nios2eds/bin/gnu/h-x86_64-mingw32/bin/../lib/gcc/nios2-elf/10.1.1/../../../../../H-x86_64-mingw32/nios2-elf/lib\libc.a(lib_a-puts.o)
 .comment       0x000000000000002d       0x2e c:/intelfpga_lite/20.1/nios2eds/bin/gnu/h-x86_64-mingw32/bin/../lib/gcc/nios2-elf/10.1.1/../../../../../H-x86_64-mingw32/nios2-elf/lib\libc.a(lib_a-strlen.o)
 .comment       0x000000000000002d       0x2e c:/intelfpga_lite/20.1/nios2eds/bin/gnu/h-x86_64-mingw32/bin/../lib/gcc/nios2-elf/10.1.1/../../../../../H-x86_64-mingw32/nios2-elf/lib\libc.a(lib_a-timesr.o)
 .comment       0x000000000000002d       0x2e c:/intelfpga_lite/20.1/nios2eds/bin/gnu/h-x86_64-mingw32/bin/../lib/gcc/nios2-elf/10.1.1/../../../../../H-x86_64-mingw32/nios2-elf/lib\libc.a(lib_a-findfp.o)
 .comment       0x000000000000002d       0x2e c:/intelfpga_lite/20.1/nios2eds/bin/gnu/h-x86_64-mingw32/bin/../lib/gcc/nios2-elf/10.1.1/../../../../../H-x86_64-mingw32/nios2-elf/lib\libc.a(lib_a-fvwrite.o)
 .comment       0x000000000000002d       0x2e c:/intelfpga_lite/20.1/nios2eds/bin/gnu/h-x86_64-mingw32/bin/../lib/gcc/nios2-elf/10.1.1/../../../../../H-x86_64-mingw32/nios2-elf/lib\libc.a(lib_a-fwalk.o)
 .comment       0x000000000000002d       0x2e c:/intelfpga_lite/20.1/nios2eds/bin/gnu/h-x86_64-mingw32/bin/../lib/gcc/nios2-elf/10.1.1/../../../../../H-x86_64-mingw32/nios2-elf/lib\libc.a(lib_a-mallocr.o)
 .comment       0x000000000000002d       0x2e c:/intelfpga_lite/20.1/nios2eds/bin/gnu/h-x86_64-mingw32/bin/../lib/gcc/nios2-elf/10.1.1/../../../../../H-x86_64-mingw32/nios2-elf/lib\libc.a(lib_a-memchr.o)
 .comment       0x000000000000002d       0x2e c:/intelfpga_lite/20.1/nios2eds/bin/gnu/h-x86_64-mingw32/bin/../lib/gcc/nios2-elf/10.1.1/../../../../../H-x86_64-mingw32/nios2-elf/lib\libc.a(lib_a-memcpy.o)
 .comment       0x000000000000002d       0x2e c:/intelfpga_lite/20.1/nios2eds/bin/gnu/h-x86_64-mingw32/bin/../lib/gcc/nios2-elf/10.1.1/../../../../../H-x86_64-mingw32/nios2-elf/lib\libc.a(lib_a-memmove.o)
 .comment       0x000000000000002d       0x2e c:/intelfpga_lite/20.1/nios2eds/bin/gnu/h-x86_64-mingw32/bin/../lib/gcc/nios2-elf/10.1.1/../../../../../H-x86_64-mingw32/nios2-elf/lib\libc.a(lib_a-memset.o)
 .comment       0x000000000000002d       0x2e c:/intelfpga_lite/20.1/nios2eds/bin/gnu/h-x86_64-mingw32/bin/../lib/gcc/nios2-elf/10.1.1/../../../../../H-x86_64-mingw32/nios2-elf/lib\libc.a(lib_a-reallocr.o)
 .comment       0x000000000000002d       0x2e c:/intelfpga_lite/20.1/nios2eds/bin/gnu/h-x86_64-mingw32/bin/../lib/gcc/nios2-elf/10.1.1/../../../../../H-x86_64-mingw32/nios2-elf/lib\libc.a(lib_a-sbrkr.o)
 .comment       0x000000000000002d       0x2e c:/intelfpga_lite/20.1/nios2eds/bin/gnu/h-x86_64-mingw32/bin/../lib/gcc/nios2-elf/10.1.1/../../../../../H-x86_64-mingw32/nios2-elf/lib\libc.a(lib_a-stdio.o)
 .comment       0x000000000000002d       0x2e c:/intelfpga_lite/20.1/nios2eds/bin/gnu/h-x86_64-mingw32/bin/../lib/gcc/nios2-elf/10.1.1/../../../../../H-x86_64-mingw32/nios2-elf/lib\libc.a(lib_a-writer.o)
 .comment       0x000000000000002d       0x2e c:/intelfpga_lite/20.1/nios2eds/bin/gnu/h-x86_64-mingw32/bin/../lib/gcc/nios2-elf/10.1.1/../../../../../H-x86_64-mingw32/nios2-elf/lib\libc.a(lib_a-wsetup.o)
 .comment       0x000000000000002d       0x2e c:/intelfpga_lite/20.1/nios2eds/bin/gnu/h-x86_64-mingw32/bin/../lib/gcc/nios2-elf/10.1.1/../../../../../H-x86_64-mingw32/nios2-elf/lib\libc.a(closer.o)
 .comment       0x000000000000002d       0x2e c:/intelfpga_lite/20.1/nios2eds/bin/gnu/h-x86_64-mingw32/bin/../lib/gcc/nios2-elf/10.1.1/../../../../../H-x86_64-mingw32/nios2-elf/lib\libc.a(lib_a-fclose.o)
 .comment       0x000000000000002d       0x2e c:/intelfpga_lite/20.1/nios2eds/bin/gnu/h-x86_64-mingw32/bin/../lib/gcc/nios2-elf/10.1.1/../../../../../H-x86_64-mingw32/nios2-elf/lib\libc.a(lib_a-fflush.o)
 .comment       0x000000000000002d       0x2e c:/intelfpga_lite/20.1/nios2eds/bin/gnu/h-x86_64-mingw32/bin/../lib/gcc/nios2-elf/10.1.1/../../../../../H-x86_64-mingw32/nios2-elf/lib\libc.a(lib_a-freer.o)
 .comment       0x000000000000002d       0x2e c:/intelfpga_lite/20.1/nios2eds/bin/gnu/h-x86_64-mingw32/bin/../lib/gcc/nios2-elf/10.1.1/../../../../../H-x86_64-mingw32/nios2-elf/lib\libc.a(lib_a-int_errno.o)
 .comment       0x000000000000002d       0x2e c:/intelfpga_lite/20.1/nios2eds/bin/gnu/h-x86_64-mingw32/bin/../lib/gcc/nios2-elf/10.1.1/../../../../../H-x86_64-mingw32/nios2-elf/lib\libc.a(lib_a-lseekr.o)
 .comment       0x000000000000002d       0x2e c:/intelfpga_lite/20.1/nios2eds/bin/gnu/h-x86_64-mingw32/bin/../lib/gcc/nios2-elf/10.1.1/../../../../../H-x86_64-mingw32/nios2-elf/lib\libc.a(lib_a-makebuf.o)
 .comment       0x000000000000002d       0x2e c:/intelfpga_lite/20.1/nios2eds/bin/gnu/h-x86_64-mingw32/bin/../lib/gcc/nios2-elf/10.1.1/../../../../../H-x86_64-mingw32/nios2-elf/lib\libc.a(lib_a-readr.o)
 .comment       0x000000000000002d       0x2e c:/intelfpga_lite/20.1/nios2eds/bin/gnu/h-x86_64-mingw32/bin/../lib/gcc/nios2-elf/10.1.1/../../../../../H-x86_64-mingw32/nios2-elf/lib\libc.a(lib_a-fstatr.o)
 .comment       0x000000000000002d       0x2e c:/intelfpga_lite/20.1/nios2eds/bin/gnu/h-x86_64-mingw32/bin/../lib/gcc/nios2-elf/10.1.1/../../../../../H-x86_64-mingw32/nios2-elf/lib\libc.a(lib_a-isattyr.o)
 .comment       0x000000000000002d       0x2e c:/intelfpga_lite/20.1/nios2eds/bin/gnu/h-x86_64-mingw32/bin/../lib/gcc/nios2-elf/10.1.1\libgcc.a(lib2-divmod.o)
 .comment       0x000000000000002d       0x2e c:/Users/jguti/OneDrive/Desktop/Homework4/NEWTEST/software/Nios2_A_bsp/\libhal_bsp.a(alt_close.o)
 .comment       0x000000000000002d       0x2e c:/Users/jguti/OneDrive/Desktop/Homework4/NEWTEST/software/Nios2_A_bsp/\libhal_bsp.a(alt_dev.o)
 .comment       0x000000000000002d       0x2e c:/Users/jguti/OneDrive/Desktop/Homework4/NEWTEST/software/Nios2_A_bsp/\libhal_bsp.a(alt_errno.o)
 .comment       0x000000000000002d       0x2e c:/Users/jguti/OneDrive/Desktop/Homework4/NEWTEST/software/Nios2_A_bsp/\libhal_bsp.a(alt_fstat.o)
 .comment       0x000000000000002d       0x2e c:/Users/jguti/OneDrive/Desktop/Homework4/NEWTEST/software/Nios2_A_bsp/\libhal_bsp.a(alt_isatty.o)
 .comment       0x000000000000002d       0x2e c:/Users/jguti/OneDrive/Desktop/Homework4/NEWTEST/software/Nios2_A_bsp/\libhal_bsp.a(alt_load.o)
 .comment       0x000000000000002d       0x2e c:/Users/jguti/OneDrive/Desktop/Homework4/NEWTEST/software/Nios2_A_bsp/\libhal_bsp.a(alt_lseek.o)
 .comment       0x000000000000002d       0x2e c:/Users/jguti/OneDrive/Desktop/Homework4/NEWTEST/software/Nios2_A_bsp/\libhal_bsp.a(alt_main.o)
 .comment       0x000000000000002d       0x2e c:/Users/jguti/OneDrive/Desktop/Homework4/NEWTEST/software/Nios2_A_bsp/\libhal_bsp.a(alt_malloc_lock.o)
 .comment       0x000000000000002d       0x2e c:/Users/jguti/OneDrive/Desktop/Homework4/NEWTEST/software/Nios2_A_bsp/\libhal_bsp.a(alt_read.o)
 .comment       0x000000000000002d       0x2e c:/Users/jguti/OneDrive/Desktop/Homework4/NEWTEST/software/Nios2_A_bsp/\libhal_bsp.a(alt_release_fd.o)
 .comment       0x000000000000002d       0x2e c:/Users/jguti/OneDrive/Desktop/Homework4/NEWTEST/software/Nios2_A_bsp/\libhal_bsp.a(alt_sbrk.o)
 .comment       0x000000000000002d       0x2e c:/Users/jguti/OneDrive/Desktop/Homework4/NEWTEST/software/Nios2_A_bsp/\libhal_bsp.a(alt_times.o)
 .comment       0x000000000000002d       0x2e c:/Users/jguti/OneDrive/Desktop/Homework4/NEWTEST/software/Nios2_A_bsp/\libhal_bsp.a(alt_write.o)
 .comment       0x000000000000002d       0x2e c:/Users/jguti/OneDrive/Desktop/Homework4/NEWTEST/software/Nios2_A_bsp/\libhal_bsp.a(alt_sys_init.o)
 .comment       0x000000000000002d       0x2e c:/Users/jguti/OneDrive/Desktop/Homework4/NEWTEST/software/Nios2_A_bsp/\libhal_bsp.a(altera_avalon_jtag_uart_fd.o)
 .comment       0x000000000000002d       0x2e c:/Users/jguti/OneDrive/Desktop/Homework4/NEWTEST/software/Nios2_A_bsp/\libhal_bsp.a(altera_avalon_jtag_uart_init.o)
 .comment       0x000000000000002d       0x2e c:/Users/jguti/OneDrive/Desktop/Homework4/NEWTEST/software/Nios2_A_bsp/\libhal_bsp.a(altera_avalon_jtag_uart_ioctl.o)
 .comment       0x000000000000002d       0x2e c:/Users/jguti/OneDrive/Desktop/Homework4/NEWTEST/software/Nios2_A_bsp/\libhal_bsp.a(altera_avalon_jtag_uart_read.o)
 .comment       0x000000000000002d       0x2e c:/Users/jguti/OneDrive/Desktop/Homework4/NEWTEST/software/Nios2_A_bsp/\libhal_bsp.a(altera_avalon_jtag_uart_write.o)
 .comment       0x000000000000002d       0x2e c:/Users/jguti/OneDrive/Desktop/Homework4/NEWTEST/software/Nios2_A_bsp/\libhal_bsp.a(altera_avalon_timer_sc.o)
 .comment       0x000000000000002d       0x2e c:/Users/jguti/OneDrive/Desktop/Homework4/NEWTEST/software/Nios2_A_bsp/\libhal_bsp.a(alt_alarm_start.o)
 .comment       0x000000000000002d       0x2e c:/Users/jguti/OneDrive/Desktop/Homework4/NEWTEST/software/Nios2_A_bsp/\libhal_bsp.a(alt_dcache_flush_all.o)
 .comment       0x000000000000002d       0x2e c:/Users/jguti/OneDrive/Desktop/Homework4/NEWTEST/software/Nios2_A_bsp/\libhal_bsp.a(alt_dev_llist_insert.o)
 .comment       0x000000000000002d       0x2e c:/Users/jguti/OneDrive/Desktop/Homework4/NEWTEST/software/Nios2_A_bsp/\libhal_bsp.a(alt_do_ctors.o)
 .comment       0x000000000000002d       0x2e c:/Users/jguti/OneDrive/Desktop/Homework4/NEWTEST/software/Nios2_A_bsp/\libhal_bsp.a(alt_do_dtors.o)
 .comment       0x000000000000002d       0x2e c:/Users/jguti/OneDrive/Desktop/Homework4/NEWTEST/software/Nios2_A_bsp/\libhal_bsp.a(alt_icache_flush_all.o)
 .comment       0x000000000000002d       0x2e c:/Users/jguti/OneDrive/Desktop/Homework4/NEWTEST/software/Nios2_A_bsp/\libhal_bsp.a(alt_iic.o)
 .comment       0x000000000000002d       0x2e c:/Users/jguti/OneDrive/Desktop/Homework4/NEWTEST/software/Nios2_A_bsp/\libhal_bsp.a(alt_iic_isr_register.o)
 .comment       0x000000000000002d       0x2e c:/Users/jguti/OneDrive/Desktop/Homework4/NEWTEST/software/Nios2_A_bsp/\libhal_bsp.a(alt_io_redirect.o)
 .comment       0x000000000000002d       0x2e c:/Users/jguti/OneDrive/Desktop/Homework4/NEWTEST/software/Nios2_A_bsp/\libhal_bsp.a(alt_irq_handler.o)
 .comment       0x000000000000002d       0x2e c:/Users/jguti/OneDrive/Desktop/Homework4/NEWTEST/software/Nios2_A_bsp/\libhal_bsp.a(alt_irq_vars.o)
 .comment       0x000000000000002d       0x2e c:/Users/jguti/OneDrive/Desktop/Homework4/NEWTEST/software/Nios2_A_bsp/\libhal_bsp.a(alt_open.o)
 .comment       0x000000000000002d       0x2e c:/Users/jguti/OneDrive/Desktop/Homework4/NEWTEST/software/Nios2_A_bsp/\libhal_bsp.a(alt_tick.o)
 .comment       0x000000000000002d       0x2e c:/Users/jguti/OneDrive/Desktop/Homework4/NEWTEST/software/Nios2_A_bsp/\libhal_bsp.a(altera_nios2_gen2_irq.o)
 .comment       0x000000000000002d       0x2e c:/Users/jguti/OneDrive/Desktop/Homework4/NEWTEST/software/Nios2_A_bsp/\libhal_bsp.a(alt_find_dev.o)
 .comment       0x000000000000002d       0x2e c:/Users/jguti/OneDrive/Desktop/Homework4/NEWTEST/software/Nios2_A_bsp/\libhal_bsp.a(alt_find_file.o)
 .comment       0x000000000000002d       0x2e c:/Users/jguti/OneDrive/Desktop/Homework4/NEWTEST/software/Nios2_A_bsp/\libhal_bsp.a(alt_get_fd.o)
 .comment       0x000000000000002d       0x2e c:/Users/jguti/OneDrive/Desktop/Homework4/NEWTEST/software/Nios2_A_bsp/\libhal_bsp.a(alt_icache_flush.o)
 .comment       0x000000000000002d       0x2e c:/Users/jguti/OneDrive/Desktop/Homework4/NEWTEST/software/Nios2_A_bsp/\libhal_bsp.a(alt_instruction_exception_entry.o)
 .comment       0x000000000000002d       0x2e c:/intelfpga_lite/20.1/nios2eds/bin/gnu/h-x86_64-mingw32/bin/../lib/gcc/nios2-elf/10.1.1/../../../../../H-x86_64-mingw32/nios2-elf/lib\libc.a(lib_a-atexit.o)
 .comment       0x000000000000002d       0x2e c:/intelfpga_lite/20.1/nios2eds/bin/gnu/h-x86_64-mingw32/bin/../lib/gcc/nios2-elf/10.1.1/../../../../../H-x86_64-mingw32/nios2-elf/lib\libc.a(lib_a-exit.o)
 .comment       0x000000000000002d       0x2e c:/intelfpga_lite/20.1/nios2eds/bin/gnu/h-x86_64-mingw32/bin/../lib/gcc/nios2-elf/10.1.1/../../../../../H-x86_64-mingw32/nios2-elf/lib\libc.a(lib_a-memcmp.o)
 .comment       0x000000000000002d       0x2e c:/intelfpga_lite/20.1/nios2eds/bin/gnu/h-x86_64-mingw32/bin/../lib/gcc/nios2-elf/10.1.1/../../../../../H-x86_64-mingw32/nios2-elf/lib\libc.a(lib_a-__atexit.o)
 .comment       0x000000000000002d       0x2e c:/intelfpga_lite/20.1/nios2eds/bin/gnu/h-x86_64-mingw32/bin/../lib/gcc/nios2-elf/10.1.1/../../../../../H-x86_64-mingw32/nios2-elf/lib\libc.a(lib_a-__call_atexit.o)
 .comment       0x000000000000002d       0x2e c:/Users/jguti/OneDrive/Desktop/Homework4/NEWTEST/software/Nios2_A_bsp/\libhal_bsp.a(alt_exit.o)

.debug
 *(.debug)

.line
 *(.line)

.debug_srcinfo
 *(.debug_srcinfo)

.debug_sfnames
 *(.debug_sfnames)

.debug_aranges  0x0000000000000000      0xaa0
 *(.debug_aranges)
 .debug_aranges
                0x0000000000000000       0x28 c:/Users/jguti/OneDrive/Desktop/Homework4/NEWTEST/software/Nios2_A_bsp//obj/HAL/src/crt0.o
 .debug_aranges
                0x0000000000000028       0x20 obj/default/hello_world.o
 .debug_aranges
                0x0000000000000048       0x20 c:/intelfpga_lite/20.1/nios2eds/bin/gnu/h-x86_64-mingw32/bin/../lib/gcc/nios2-elf/10.1.1/../../../../../H-x86_64-mingw32/nios2-elf/lib\libc.a(lib_a-clock.o)
 .debug_aranges
                0x0000000000000068       0x18 c:/intelfpga_lite/20.1/nios2eds/bin/gnu/h-x86_64-mingw32/bin/../lib/gcc/nios2-elf/10.1.1/../../../../../H-x86_64-mingw32/nios2-elf/lib\libc.a(lib_a-impure.o)
 .debug_aranges
                0x0000000000000080       0x28 c:/intelfpga_lite/20.1/nios2eds/bin/gnu/h-x86_64-mingw32/bin/../lib/gcc/nios2-elf/10.1.1/../../../../../H-x86_64-mingw32/nios2-elf/lib\libc.a(lib_a-puts.o)
 .debug_aranges
                0x00000000000000a8       0x20 c:/intelfpga_lite/20.1/nios2eds/bin/gnu/h-x86_64-mingw32/bin/../lib/gcc/nios2-elf/10.1.1/../../../../../H-x86_64-mingw32/nios2-elf/lib\libc.a(lib_a-strlen.o)
 .debug_aranges
                0x00000000000000c8       0x20 c:/intelfpga_lite/20.1/nios2eds/bin/gnu/h-x86_64-mingw32/bin/../lib/gcc/nios2-elf/10.1.1/../../../../../H-x86_64-mingw32/nios2-elf/lib\libc.a(lib_a-timesr.o)
 .debug_aranges
                0x00000000000000e8       0x68 c:/intelfpga_lite/20.1/nios2eds/bin/gnu/h-x86_64-mingw32/bin/../lib/gcc/nios2-elf/10.1.1/../../../../../H-x86_64-mingw32/nios2-elf/lib\libc.a(lib_a-findfp.o)
 .debug_aranges
                0x0000000000000150       0x20 c:/intelfpga_lite/20.1/nios2eds/bin/gnu/h-x86_64-mingw32/bin/../lib/gcc/nios2-elf/10.1.1/../../../../../H-x86_64-mingw32/nios2-elf/lib\libc.a(lib_a-fvwrite.o)
 .debug_aranges
                0x0000000000000170       0x28 c:/intelfpga_lite/20.1/nios2eds/bin/gnu/h-x86_64-mingw32/bin/../lib/gcc/nios2-elf/10.1.1/../../../../../H-x86_64-mingw32/nios2-elf/lib\libc.a(lib_a-fwalk.o)
 .debug_aranges
                0x0000000000000198       0x20 c:/intelfpga_lite/20.1/nios2eds/bin/gnu/h-x86_64-mingw32/bin/../lib/gcc/nios2-elf/10.1.1/../../../../../H-x86_64-mingw32/nios2-elf/lib\libc.a(lib_a-mallocr.o)
 .debug_aranges
                0x00000000000001b8       0x20 c:/intelfpga_lite/20.1/nios2eds/bin/gnu/h-x86_64-mingw32/bin/../lib/gcc/nios2-elf/10.1.1/../../../../../H-x86_64-mingw32/nios2-elf/lib\libc.a(lib_a-memchr.o)
 .debug_aranges
                0x00000000000001d8       0x20 c:/intelfpga_lite/20.1/nios2eds/bin/gnu/h-x86_64-mingw32/bin/../lib/gcc/nios2-elf/10.1.1/../../../../../H-x86_64-mingw32/nios2-elf/lib\libc.a(lib_a-memcpy.o)
 .debug_aranges
                0x00000000000001f8       0x20 c:/intelfpga_lite/20.1/nios2eds/bin/gnu/h-x86_64-mingw32/bin/../lib/gcc/nios2-elf/10.1.1/../../../../../H-x86_64-mingw32/nios2-elf/lib\libc.a(lib_a-memmove.o)
 .debug_aranges
                0x0000000000000218       0x20 c:/intelfpga_lite/20.1/nios2eds/bin/gnu/h-x86_64-mingw32/bin/../lib/gcc/nios2-elf/10.1.1/../../../../../H-x86_64-mingw32/nios2-elf/lib\libc.a(lib_a-memset.o)
 .debug_aranges